0 verbose cli /usr/local/bin/node /usr/local/bin/npm
1 info using npm@11.11.0
2 info using node@v24.14.1
3 silly config load:file:/usr/local/lib/node_modules/npm/npmrc
4 silly config load:file:/Users/adityasingh/CodeRush2.0_Team-Apex/.npmrc
5 silly config load:file:/Users/adityasingh/.npmrc
6 silly config load:file:/usr/local/etc/npmrc
7 verbose title npm install
8 verbose argv "install" "--cache" "./.npm-cache"
9 verbose logfile logs-max:10 dir:/Users/adityasingh/CodeRush2.0_Team-Apex/.npm-cache/_logs/2026-08-07T09_16_42_623Z-
10 verbose logfile /Users/adityasingh/CodeRush2.0_Team-Apex/.npm-cache/_logs/2026-08-07T09_16_42_623Z-debug-0.log
11 silly logfile done cleaning log files
12 silly packumentCache heap:4496293888 maxSize:1124073472 maxEntrySize:562036736
13 silly idealTree buildDeps
14 silly reify moves {}
15 silly audit bulk request {
15 silly audit   '@alloc/quick-lru': [ '5.2.0' ],
15 silly audit   '@babel/code-frame': [ '7.29.7' ],
15 silly audit   '@babel/compat-data': [ '7.29.7' ],
15 silly audit   '@babel/core': [ '7.29.7' ],
15 silly audit   '@babel/generator': [ '7.29.8' ],
15 silly audit   '@babel/helper-compilation-targets': [ '7.29.7' ],
15 silly audit   '@babel/helper-globals': [ '7.29.7' ],
15 silly audit   '@babel/helper-module-imports': [ '7.29.7' ],
15 silly audit   '@babel/helper-module-transforms': [ '7.29.7' ],
15 silly audit   '@babel/helper-plugin-utils': [ '7.29.7' ],
15 silly audit   '@babel/helper-string-parser': [ '7.29.7' ],
15 silly audit   '@babel/helper-validator-identifier': [ '7.29.7' ],
15 silly audit   '@babel/helper-validator-option': [ '7.29.7' ],
15 silly audit   '@babel/helpers': [ '7.29.7' ],
15 silly audit   '@babel/parser': [ '7.29.8' ],
15 silly audit   '@babel/plugin-transform-react-jsx-self': [ '7.29.7' ],
15 silly audit   '@babel/plugin-transform-react-jsx-source': [ '7.29.7' ],
15 silly audit   '@babel/runtime': [ '7.29.7' ],
15 silly audit   '@babel/template': [ '7.29.7' ],
15 silly audit   '@babel/traverse': [ '7.29.8' ],
15 silly audit   '@babel/types': [ '7.29.8' ],
15 silly audit   '@esbuild/aix-ppc64': [ '0.21.5' ],
15 silly audit   '@esbuild/android-arm': [ '0.21.5' ],
15 silly audit   '@esbuild/android-arm64': [ '0.21.5' ],
15 silly audit   '@esbuild/android-x64': [ '0.21.5' ],
15 silly audit   '@esbuild/darwin-arm64': [ '0.21.5' ],
15 silly audit   '@esbuild/darwin-x64': [ '0.21.5' ],
15 silly audit   '@esbuild/freebsd-arm64': [ '0.21.5' ],
15 silly audit   '@esbuild/freebsd-x64': [ '0.21.5' ],
15 silly audit   '@esbuild/linux-arm': [ '0.21.5' ],
15 silly audit   '@esbuild/linux-arm64': [ '0.21.5' ],
15 silly audit   '@esbuild/linux-ia32': [ '0.21.5' ],
15 silly audit   '@esbuild/linux-loong64': [ '0.21.5' ],
15 silly audit   '@esbuild/linux-mips64el': [ '0.21.5' ],
15 silly audit   '@esbuild/linux-ppc64': [ '0.21.5' ],
15 silly audit   '@esbuild/linux-riscv64': [ '0.21.5' ],
15 silly audit   '@esbuild/linux-s390x': [ '0.21.5' ],
15 silly audit   '@esbuild/linux-x64': [ '0.21.5' ],
15 silly audit   '@esbuild/netbsd-x64': [ '0.21.5' ],
15 silly audit   '@esbuild/openbsd-x64': [ '0.21.5' ],
15 silly audit   '@esbuild/sunos-x64': [ '0.21.5' ],
15 silly audit   '@esbuild/win32-arm64': [ '0.21.5' ],
15 silly audit   '@esbuild/win32-ia32': [ '0.21.5' ],
15 silly audit   '@esbuild/win32-x64': [ '0.21.5' ],
15 silly audit   '@jridgewell/gen-mapping': [ '0.3.13' ],
15 silly audit   '@jridgewell/remapping': [ '2.3.5' ],
15 silly audit   '@jridgewell/resolve-uri': [ '3.1.2' ],
15 silly audit   '@jridgewell/sourcemap-codec': [ '1.5.5' ],
15 silly audit   '@jridgewell/trace-mapping': [ '0.3.31' ],
15 silly audit   '@mapbox/corslite': [ '0.0.7' ],
15 silly audit   '@mapbox/polyline': [ '0.2.0' ],
15 silly audit   '@napi-rs/lzma-linux-x64-gnu': [ '1.5.1' ],
15 silly audit   '@nodelib/fs.scandir': [ '2.1.5' ],
15 silly audit   '@nodelib/fs.stat': [ '2.0.5' ],
15 silly audit   '@nodelib/fs.walk': [ '1.2.8' ],
15 silly audit   '@react-leaflet/core': [ '2.1.0' ],
15 silly audit   '@remix-run/router': [ '1.23.3' ],
15 silly audit   '@rolldown/pluginutils': [ '1.0.0-beta.27' ],
15 silly audit   '@rollup/rollup-android-arm-eabi': [ '4.62.4' ],
15 silly audit   '@rollup/rollup-android-arm64': [ '4.62.4' ],
15 silly audit   '@rollup/rollup-darwin-arm64': [ '4.62.4' ],
15 silly audit   '@rollup/rollup-darwin-x64': [ '4.62.4' ],
15 silly audit   '@rollup/rollup-freebsd-arm64': [ '4.62.4' ],
15 silly audit   '@rollup/rollup-freebsd-x64': [ '4.62.4' ],
15 silly audit   '@rollup/rollup-linux-arm-gnueabihf': [ '4.62.4' ],
15 silly audit   '@rollup/rollup-linux-arm-musleabihf': [ '4.62.4' ],
15 silly audit   '@rollup/rollup-linux-arm64-gnu': [ '4.62.4' ],
15 silly audit   '@rollup/rollup-linux-arm64-musl': [ '4.62.4' ],
15 silly audit   '@rollup/rollup-linux-loong64-gnu': [ '4.62.4' ],
15 silly audit   '@rollup/rollup-linux-loong64-musl': [ '4.62.4' ],
15 silly audit   '@rollup/rollup-linux-ppc64-gnu': [ '4.62.4' ],
15 silly audit   '@rollup/rollup-linux-ppc64-musl': [ '4.62.4' ],
15 silly audit   '@rollup/rollup-linux-riscv64-gnu': [ '4.62.4' ],
15 silly audit   '@rollup/rollup-linux-riscv64-musl': [ '4.62.4' ],
15 silly audit   '@rollup/rollup-linux-s390x-gnu': [ '4.62.4' ],
15 silly audit   '@rollup/rollup-linux-x64-gnu': [ '4.62.4' ],
15 silly audit   '@rollup/rollup-linux-x64-musl': [ '4.62.4' ],
15 silly audit   '@rollup/rollup-openbsd-x64': [ '4.62.4' ],
15 silly audit   '@rollup/rollup-openharmony-arm64': [ '4.62.4' ],
15 silly audit   '@rollup/rollup-win32-arm64-msvc': [ '4.62.4' ],
15 silly audit   '@rollup/rollup-win32-ia32-msvc': [ '4.62.4' ],
15 silly audit   '@rollup/rollup-win32-x64-gnu': [ '4.62.4' ],
15 silly audit   '@rollup/rollup-win32-x64-msvc': [ '4.62.4' ],
15 silly audit   '@turf/along': [ '7.4.0' ],
15 silly audit   '@turf/angle': [ '7.4.0' ],
15 silly audit   '@turf/area': [ '7.4.0' ],
15 silly audit   '@turf/bbox': [ '7.4.0' ],
15 silly audit   '@turf/bbox-clip': [ '7.4.0' ],
15 silly audit   '@turf/bbox-polygon': [ '7.4.0' ],
15 silly audit   '@turf/bearing': [ '7.4.0' ],
15 silly audit   '@turf/bezier-spline': [ '7.4.0' ],
15 silly audit   '@turf/boolean-clockwise': [ '7.4.0' ],
15 silly audit   '@turf/boolean-concave': [ '7.4.0' ],
15 silly audit   '@turf/boolean-contains': [ '7.4.0' ],
15 silly audit   '@turf/boolean-crosses': [ '7.4.0' ],
15 silly audit   '@turf/boolean-disjoint': [ '7.4.0' ],
15 silly audit   '@turf/boolean-equal': [ '7.4.0' ],
15 silly audit   '@turf/boolean-intersects': [ '7.4.0' ],
15 silly audit   '@turf/boolean-overlap': [ '7.4.0' ],
15 silly audit   '@turf/boolean-parallel': [ '7.4.0' ],
15 silly audit   '@turf/boolean-point-in-polygon': [ '7.4.0' ],
15 silly audit   '@turf/boolean-point-on-line': [ '7.4.0' ],
15 silly audit   '@turf/boolean-touches': [ '7.4.0' ],
15 silly audit   '@turf/boolean-valid': [ '7.4.0' ],
15 silly audit   '@turf/boolean-within': [ '7.4.0' ],
15 silly audit   '@turf/buffer': [ '7.4.0' ],
15 silly audit   '@turf/center': [ '7.4.0' ],
15 silly audit   '@turf/center-mean': [ '7.4.0' ],
15 silly audit   '@turf/center-median': [ '7.4.0' ],
15 silly audit   '@turf/center-of-mass': [ '7.4.0' ],
15 silly audit   '@turf/centroid': [ '7.4.0' ],
15 silly audit   '@turf/circle': [ '7.4.0' ],
15 silly audit   '@turf/clean-coords': [ '7.4.0' ],
15 silly audit   '@turf/clone': [ '7.4.0' ],
15 silly audit   '@turf/clusters': [ '7.4.0' ],
15 silly audit   '@turf/clusters-dbscan': [ '7.4.0' ],
15 silly audit   '@turf/clusters-kmeans': [ '7.4.0' ],
15 silly audit   '@turf/collect': [ '7.4.0' ],
15 silly audit   '@turf/combine': [ '7.4.0' ],
15 silly audit   '@turf/concave': [ '7.4.0' ],
15 silly audit   '@turf/convex': [ '7.4.0' ],
15 silly audit   '@turf/destination': [ '7.4.0' ],
15 silly audit   '@turf/difference': [ '7.4.0' ],
15 silly audit   '@turf/directional-mean': [ '7.4.0' ],
15 silly audit   '@turf/dissolve': [ '7.4.0' ],
15 silly audit   '@turf/distance': [ '7.4.0' ],
15 silly audit   '@turf/distance-weight': [ '7.4.0' ],
15 silly audit   '@turf/ellipse': [ '7.4.0' ],
15 silly audit   '@turf/envelope': [ '7.4.0' ],
15 silly audit   '@turf/explode': [ '7.4.0' ],
15 silly audit   '@turf/flatten': [ '7.4.0' ],
15 silly audit   '@turf/flip': [ '7.4.0' ],
15 silly audit   '@turf/geojson-rbush': [ '7.4.0' ],
15 silly audit   '@turf/great-circle': [ '7.4.0' ],
15 silly audit   '@turf/helpers': [ '7.4.0' ],
15 silly audit   '@turf/hex-grid': [ '7.4.0' ],
15 silly audit   '@turf/interpolate': [ '7.4.0' ],
15 silly audit   '@turf/intersect': [ '7.4.0' ],
15 silly audit   '@turf/invariant': [ '7.4.0' ],
15 silly audit   '@turf/isobands': [ '7.4.0' ],
15 silly audit   '@turf/isolines': [ '7.4.0' ],
15 silly audit   '@turf/jsts': [ '2.7.2' ],
15 silly audit   '@turf/kinks': [ '7.4.0' ],
15 silly audit   '@turf/length': [ '7.4.0' ],
15 silly audit   '@turf/line-arc': [ '7.4.0' ],
15 silly audit   '@turf/line-chunk': [ '7.4.0' ],
15 silly audit   '@turf/line-intersect': [ '7.4.0' ],
15 silly audit   '@turf/line-offset': [ '7.4.0' ],
15 silly audit   '@turf/line-overlap': [ '7.4.0' ],
15 silly audit   '@turf/line-segment': [ '7.4.0' ],
15 silly audit   '@turf/line-slice': [ '7.4.0' ],
15 silly audit   '@turf/line-slice-along': [ '7.4.0' ],
15 silly audit   '@turf/line-split': [ '7.4.0' ],
15 silly audit   '@turf/line-to-polygon': [ '7.4.0' ],
15 silly audit   '@turf/mask': [ '7.4.0' ],
15 silly audit   '@turf/meta': [ '7.4.0' ],
15 silly audit   '@turf/midpoint': [ '7.4.0' ],
15 silly audit   '@turf/moran-index': [ '7.4.0' ],
15 silly audit   '@turf/nearest-neighbor-analysis': [ '7.4.0' ],
15 silly audit   '@turf/nearest-point': [ '7.4.0' ],
15 silly audit   '@turf/nearest-point-on-line': [ '7.4.0' ],
15 silly audit   '@turf/nearest-point-to-line': [ '7.4.0' ],
15 silly audit   '@turf/planepoint': [ '7.4.0' ],
15 silly audit   '@turf/point-grid': [ '7.4.0' ],
15 silly audit   '@turf/point-on-feature': [ '7.4.0' ],
15 silly audit   '@turf/point-to-line-distance': [ '7.4.0' ],
15 silly audit   '@turf/point-to-polygon-distance': [ '7.4.0' ],
15 silly audit   '@turf/points-within-polygon': [ '7.4.0' ],
15 silly audit   '@turf/polygon-smooth': [ '7.4.0' ],
15 silly audit   '@turf/polygon-tangents': [ '7.4.0' ],
15 silly audit   '@turf/polygon-to-line': [ '7.4.0' ],
15 silly audit   '@turf/polygonize': [ '7.4.0' ],
15 silly audit   '@turf/projection': [ '7.4.0' ],
15 silly audit   '@turf/quadrat-analysis': [ '7.4.0' ],
15 silly audit   '@turf/random': [ '7.4.0' ],
15 silly audit   '@turf/rectangle-grid': [ '7.4.0' ],
15 silly audit   '@turf/rewind': [ '7.4.0' ],
15 silly audit   '@turf/rhumb-bearing': [ '7.4.0' ],
15 silly audit   '@turf/rhumb-destination': [ '7.4.0' ],
15 silly audit   '@turf/rhumb-distance': [ '7.4.0' ],
15 silly audit   '@turf/sample': [ '7.4.0' ],
15 silly audit   '@turf/sector': [ '7.4.0' ],
15 silly audit   '@turf/shortest-path': [ '7.4.0' ],
15 silly audit   '@turf/simplify': [ '7.4.0' ],
15 silly audit   '@turf/square': [ '7.4.0' ],
15 silly audit   '@turf/square-grid': [ '7.4.0' ],
15 silly audit   '@turf/standard-deviational-ellipse': [ '7.4.0' ],
15 silly audit   '@turf/tag': [ '7.4.0' ],
15 silly audit   '@turf/tesselate': [ '7.4.0' ],
15 silly audit   '@turf/tin': [ '7.4.0' ],
15 silly audit   '@turf/transform-rotate': [ '7.4.0' ],
15 silly audit   '@turf/transform-scale': [ '7.4.0' ],
15 silly audit   '@turf/transform-translate': [ '7.4.0' ],
15 silly audit   '@turf/triangle-grid': [ '7.4.0' ],
15 silly audit   '@turf/truncate': [ '7.4.0' ],
15 silly audit   '@turf/turf': [ '7.4.0' ],
15 silly audit   '@turf/union': [ '7.4.0' ],
15 silly audit   '@turf/unkink-polygon': [ '7.4.0' ],
15 silly audit   '@turf/voronoi': [ '7.4.0' ],
15 silly audit   '@types/babel__core': [ '7.20.5' ],
15 silly audit   '@types/babel__generator': [ '7.27.0' ],
15 silly audit   '@types/babel__template': [ '7.4.4' ],
15 silly audit   '@types/babel__traverse': [ '7.28.0' ],
15 silly audit   '@types/d3-array': [ '3.2.2' ],
15 silly audit   '@types/d3-color': [ '3.1.3' ],
15 silly audit   '@types/d3-ease': [ '3.0.2' ],
15 silly audit   '@types/d3-interpolate': [ '3.0.4' ],
15 silly audit   '@types/d3-path': [ '3.1.1' ],
15 silly audit   '@types/d3-scale': [ '4.0.9' ],
15 silly audit   '@types/d3-shape': [ '3.1.8' ],
15 silly audit   '@types/d3-time': [ '3.0.4' ],
15 silly audit   '@types/d3-timer': [ '3.0.2' ],
15 silly audit   '@types/d3-voronoi': [ '1.1.12' ],
15 silly audit   '@types/earcut': [ '2.1.4' ],
15 silly audit   '@types/estree': [ '1.0.9' ],
15 silly audit   '@types/geojson': [ '7946.0.16' ],
15 silly audit   '@types/kdbush': [ '3.0.5' ],
15 silly audit   '@types/prop-types': [ '15.7.15' ],
15 silly audit   '@types/react': [ '18.3.31' ],
15 silly audit   '@types/react-dom': [ '18.3.7' ],
15 silly audit   '@vitejs/plugin-react': [ '4.7.0' ],
15 silly audit   accepts: [ '1.3.8' ],
15 silly audit   'ansi-regex': [ '5.0.1' ],
15 silly audit   'ansi-styles': [ '4.3.0' ],
15 silly audit   'any-promise': [ '1.3.0' ],
15 silly audit   anymatch: [ '3.1.3' ],
15 silly audit   arc: [ '0.2.0' ],
15 silly audit   arg: [ '5.0.2' ],
15 silly audit   'array-flatten': [ '1.1.1' ],
15 silly audit   autoprefixer: [ '10.5.4' ],
15 silly audit   'baseline-browser-mapping': [ '2.11.12' ],
15 silly audit   'bignumber.js': [ '9.3.1' ],
15 silly audit   'binary-extensions': [ '2.3.0' ],
15 silly audit   'body-parser': [ '1.20.6' ],
15 silly audit   debug: [ '2.6.9', '4.4.3' ],
15 silly audit   ms: [ '2.0.0', '2.1.3' ],
15 silly audit   braces: [ '3.0.3' ],
15 silly audit   browserslist: [ '4.28.7' ],
15 silly audit   bytes: [ '3.1.2' ],
15 silly audit   'call-bind-apply-helpers': [ '1.0.2' ],
15 silly audit   'call-bound': [ '1.0.4' ],
15 silly audit   'camelcase-css': [ '2.0.1' ],
15 silly audit   'caniuse-lite': [ '1.0.30001807' ],
15 silly audit   chalk: [ '4.1.2' ],
15 silly audit   'supports-color': [ '7.2.0', '8.1.1' ],
15 silly audit   chokidar: [ '3.6.0' ],
15 silly audit   'glob-parent': [ '5.1.2', '6.0.2' ],
15 silly audit   cliui: [ '8.0.1' ],
15 silly audit   clsx: [ '2.1.1' ],
15 silly audit   'color-convert': [ '2.0.1' ],
15 silly audit   'color-name': [ '1.1.4' ],
15 silly audit   commander: [ '4.1.1', '2.20.3' ],
15 silly audit   concaveman: [ '1.2.1' ],
15 silly audit   concurrently: [ '8.2.2' ],
15 silly audit   'content-disposition': [ '0.5.4' ],
15 silly audit   'content-type': [ '1.0.5' ],
15 silly audit   'convert-source-map': [ '2.0.0' ],
15 silly audit   cookie: [ '0.7.2' ],
15 silly audit   'cookie-signature': [ '1.0.7' ],
15 silly audit   cors: [ '2.8.6' ],
15 silly audit   cssesc: [ '3.0.0' ],
15 silly audit   csstype: [ '3.2.3' ],
15 silly audit   'd3-array': [ '2.12.1', '3.2.4' ],
15 silly audit   'd3-color': [ '3.1.0' ],
15 silly audit   'd3-ease': [ '3.0.1' ],
15 silly audit   'd3-format': [ '3.1.2' ],
15 silly audit   'd3-geo': [ '2.0.2' ],
15 silly audit   'd3-interpolate': [ '3.0.1' ],
15 silly audit   'd3-path': [ '3.1.0' ],
15 silly audit   'd3-scale': [ '4.0.2' ],
15 silly audit   'd3-shape': [ '3.2.0' ],
15 silly audit   'd3-time': [ '3.1.0' ],
15 silly audit   'd3-time-format': [ '4.1.0' ],
15 silly audit   'd3-timer': [ '3.0.1' ],
15 silly audit   'd3-voronoi': [ '1.1.2' ],
15 silly audit   'date-fns': [ '2.30.0' ],
15 silly audit   'decimal.js-light': [ '2.5.1' ],
15 silly audit   depd: [ '2.0.0' ],
15 silly audit   destroy: [ '1.2.0' ],
15 silly audit   didyoumean: [ '1.2.2' ],
15 silly audit   dlv: [ '1.1.3' ],
15 silly audit   'dom-helpers': [ '5.2.1' ],
15 silly audit   dotenv: [ '16.6.1' ],
15 silly audit   'dunder-proto': [ '1.0.1' ],
15 silly audit   earcut: [ '2.2.4' ],
15 silly audit   'ee-first': [ '1.1.1' ],
15 silly audit   'electron-to-chromium': [ '1.5.402' ],
15 silly audit   'emoji-regex': [ '8.0.0' ],
15 silly audit   encodeurl: [ '2.0.0' ],
15 silly audit   'es-define-property': [ '1.0.1' ],
15 silly audit   'es-errors': [ '1.3.0' ],
15 silly audit   'es-object-atoms': [ '1.1.2' ],
15 silly audit   esbuild: [ '0.21.5' ],
15 silly audit   escalade: [ '3.2.0' ],
15 silly audit   'escape-html': [ '1.0.3' ],
15 silly audit   etag: [ '1.8.1' ],
15 silly audit   eventemitter3: [ '4.0.7' ],
15 silly audit   express: [ '4.22.2' ],
15 silly audit   'fast-deep-equal': [ '3.1.3' ],
15 silly audit   'fast-equals': [ '5.4.1' ],
15 silly audit   'fast-glob': [ '3.3.3' ],
15 silly audit   fastq: [ '1.20.1' ],
15 silly audit   'fill-range': [ '7.1.1' ],
15 silly audit   finalhandler: [ '1.3.2' ],
15 silly audit   forwarded: [ '0.2.0' ],
15 silly audit   'fraction.js': [ '5.3.4' ],
15 silly audit   fresh: [ '0.5.2' ],
15 silly audit   fsevents: [ '2.3.3' ],
15 silly audit   'function-bind': [ '1.1.2' ],
15 silly audit   gensync: [ '1.0.0-beta.2' ],
15 silly audit   'geojson-equality-ts': [ '1.0.2' ],
15 silly audit   'geojson-polygon-self-intersections': [ '1.2.2' ],
15 silly audit   quickselect: [ '1.1.1', '2.0.0' ],
15 silly audit   rbush: [ '2.0.2', '3.0.1' ],
15 silly audit   'get-caller-file': [ '2.0.5' ],
15 silly audit   'get-intrinsic': [ '1.3.0' ],
15 silly audit   'get-proto': [ '1.0.1' ],
15 silly audit   gopd: [ '1.2.0' ],
15 silly audit   'has-flag': [ '4.0.0' ],
15 silly audit   'has-symbols': [ '1.1.0' ],
15 silly audit   hasown: [ '2.0.4' ],
15 silly audit   'http-errors': [ '2.0.1' ],
15 silly audit   'iconv-lite': [ '0.4.24' ],
15 silly audit   inherits: [ '2.0.4' ],
15 silly audit   internmap: [ '1.0.1' ],
15 silly audit   'ipaddr.js': [ '1.9.1' ],
15 silly audit   'is-binary-path': [ '2.1.0' ],
15 silly audit   'is-core-module': [ '2.16.2' ],
15 silly audit   'is-extglob': [ '2.1.1' ],
15 silly audit   'is-fullwidth-code-point': [ '3.0.0' ],
15 silly audit   'is-glob': [ '4.0.3' ],
15 silly audit   'is-number': [ '7.0.0' ],
15 silly audit   jiti: [ '1.21.7' ],
15 silly audit   'js-tokens': [ '4.0.0' ],
15 silly audit   jsesc: [ '3.1.0' ],
15 silly audit   json5: [ '2.2.3' ],
15 silly audit   jsts: [ '2.7.1' ],
15 silly audit   leaflet: [ '1.9.4' ],
15 silly audit   'leaflet-routing-machine': [ '3.2.12' ],
15 silly audit   lilconfig: [ '3.1.3' ],
15 silly audit   'lines-and-columns': [ '1.2.4' ],
15 silly audit   lodash: [ '4.18.1' ],
15 silly audit   'loose-envify': [ '1.4.0' ],
15 silly audit   'lru-cache': [ '5.1.1' ],
15 silly audit   'lucide-react': [ '0.427.0' ],
15 silly audit   'math-intrinsics': [ '1.1.0' ],
15 silly audit   'media-typer': [ '0.3.0' ],
15 silly audit   'merge-descriptors': [ '1.0.3' ],
15 silly audit   merge2: [ '1.4.1' ],
15 silly audit   methods: [ '1.1.2' ],
15 silly audit   micromatch: [ '4.0.8' ],
15 silly audit   mime: [ '1.6.0' ],
15 silly audit   'mime-db': [ '1.52.0' ],
15 silly audit   'mime-types': [ '2.1.35' ],
15 silly audit   mz: [ '2.7.0' ],
15 silly audit   nanoid: [ '3.3.17' ],
15 silly audit   negotiator: [ '0.6.3' ],
15 silly audit   'node-releases': [ '2.0.53' ],
15 silly audit   nodemailer: [ '6.10.1' ],
15 silly audit   'normalize-path': [ '3.0.0' ],
15 silly audit   'object-assign': [ '4.1.1' ],
15 silly audit   'object-hash': [ '3.0.0' ],
15 silly audit   'object-inspect': [ '1.13.4' ],
15 silly audit   'on-finished': [ '2.4.1' ],
15 silly audit   'osrm-text-instructions': [ '0.13.4' ],
15 silly audit   parseurl: [ '1.3.3' ],
15 silly audit   'path-parse': [ '1.0.7' ],
15 silly audit   'path-to-regexp': [ '0.1.13' ],
15 silly audit   picocolors: [ '1.1.1' ],
15 silly audit   picomatch: [ '2.3.2', '4.0.5' ],
15 silly audit   pify: [ '2.3.0' ],
15 silly audit   pirates: [ '4.0.7' ],
15 silly audit   'point-in-polygon': [ '1.1.0' ],
15 silly audit   'point-in-polygon-hao': [ '1.2.4' ],
15 silly audit   'robust-predicates': [ '3.0.3', '2.0.4' ],
15 silly audit   'polyclip-ts': [ '0.16.8' ],
15 silly audit   postcss: [ '8.5.26' ],
15 silly audit   'postcss-import': [ '15.1.0' ],
15 silly audit   'postcss-js': [ '4.1.0' ],
15 silly audit   'postcss-load-config': [ '6.0.1' ],
15 silly audit   'postcss-nested': [ '6.2.0' ],
15 silly audit   'postcss-selector-parser': [ '6.1.4' ],
15 silly audit   'postcss-value-parser': [ '4.2.0' ],
15 silly audit   'prop-types': [ '15.8.1' ],
15 silly audit   'react-is': [ '16.13.1', '18.3.1' ],
15 silly audit   'proxy-addr': [ '2.0.7' ],
15 silly audit   qs: [ '6.15.3' ],
15 silly audit   'queue-microtask': [ '1.2.3' ],
15 silly audit   'range-parser': [ '1.2.1' ],
15 silly audit   'raw-body': [ '2.5.3' ],
15 silly audit   react: [ '18.3.1' ],
15 silly audit   'react-dom': [ '18.3.1' ],
15 silly audit   'react-leaflet': [ '4.2.1' ],
15 silly audit   'react-refresh': [ '0.17.0' ],
15 silly audit   'react-router': [ '6.30.4' ],
15 silly audit   'react-router-dom': [ '6.30.4' ],
15 silly audit   'react-smooth': [ '4.0.4' ],
15 silly audit   'react-transition-group': [ '4.4.5' ],
15 silly audit   'read-cache': [ '1.0.0' ],
15 silly audit   readdirp: [ '3.6.0' ],
15 silly audit   recharts: [ '2.15.4' ],
15 silly audit   'recharts-scale': [ '0.4.5' ],
15 silly audit   'require-directory': [ '2.1.1' ],
15 silly audit   resolve: [ '1.22.12' ],
15 silly audit   reusify: [ '1.1.0' ],
15 silly audit   rollup: [ '4.62.4' ],
15 silly audit   'run-parallel': [ '1.2.0' ],
15 silly audit   rxjs: [ '7.8.2' ],
15 silly audit   'safe-buffer': [ '5.2.1' ],
15 silly audit   'safer-buffer': [ '2.1.2' ],
15 silly audit   scheduler: [ '0.23.2' ],
15 silly audit   semver: [ '6.3.1' ],
15 silly audit   send: [ '0.19.2' ],
15 silly audit   'serve-static': [ '1.16.3' ],
15 silly audit   setprototypeof: [ '1.2.0' ],
15 silly audit   'shell-quote': [ '1.10.0' ],
15 silly audit   'side-channel': [ '1.1.1' ],
15 silly audit   'side-channel-list': [ '1.0.1' ],
15 silly audit   'side-channel-map': [ '1.0.1' ],
15 silly audit   'side-channel-weakmap': [ '1.0.2' ],
15 silly audit   skmeans: [ '0.9.7' ],
15 silly audit   'source-map-js': [ '1.2.1' ],
15 silly audit   'spawn-command': [ '0.0.2' ],
15 silly audit   'splaytree-ts': [ '1.0.2' ],
15 silly audit   statuses: [ '2.0.2' ],
15 silly audit   'string-width': [ '4.2.3' ],
15 silly audit   'strip-ansi': [ '6.0.1' ],
15 silly audit   sucrase: [ '3.35.1' ],
15 silly audit   'supports-preserve-symlinks-flag': [ '1.0.0' ],
15 silly audit   'tailwind-merge': [ '2.6.1' ],
15 silly audit   tailwindcss: [ '3.4.19' ],
15 silly audit   thenify: [ '3.3.1' ],
15 silly audit   'thenify-all': [ '1.6.0' ],
15 silly audit   'tiny-invariant': [ '1.3.3' ],
15 silly audit   tinyglobby: [ '0.2.17' ],
15 silly audit   fdir: [ '6.5.0' ],
15 silly audit   tinyqueue: [ '2.0.3' ],
15 silly audit   'to-regex-range': [ '5.0.1' ],
15 silly audit   toidentifier: [ '1.0.1' ],
15 silly audit   'topojson-client': [ '3.1.0' ],
15 silly audit   'topojson-server': [ '3.0.1' ],
15 silly audit   'tree-kill': [ '1.2.2' ],
15 silly audit   'ts-interface-checker': [ '0.1.13' ],
15 silly audit   tslib: [ '2.8.1' ],
15 silly audit   'type-is': [ '1.6.18' ],
15 silly audit   unpipe: [ '1.0.0' ],
15 silly audit   'update-browserslist-db': [ '1.3.0' ],
15 silly audit   'util-deprecate': [ '1.0.2' ],
15 silly audit   'utils-merge': [ '1.0.1' ],
15 silly audit   vary: [ '1.1.2' ],
15 silly audit   'victory-vendor': [ '36.9.2' ],
15 silly audit   vite: [ '5.4.21' ],
15 silly audit   'wrap-ansi': [ '7.0.0' ],
15 silly audit   y18n: [ '5.0.8' ],
15 silly audit   yallist: [ '3.1.1' ],
15 silly audit   yargs: [ '17.7.3' ],
15 silly audit   'yargs-parser': [ '21.1.1' ]
15 silly audit }
16 http cache yargs-parser@https://registry.npmjs.org/yargs-parser/-/yargs-parser-21.1.1.tgz 0ms (cache hit)
17 http cache yargs@https://registry.npmjs.org/yargs/-/yargs-17.7.3.tgz 0ms (cache hit)
18 http cache yallist@https://registry.npmjs.org/yallist/-/yallist-3.1.1.tgz 0ms (cache hit)
19 http cache wrap-ansi@https://registry.npmjs.org/wrap-ansi/-/wrap-ansi-7.0.0.tgz 0ms (cache hit)
20 http cache victory-vendor@https://registry.npmjs.org/victory-vendor/-/victory-vendor-36.9.2.tgz 0ms (cache hit)
21 http cache vary@https://registry.npmjs.org/vary/-/vary-1.1.2.tgz 0ms (cache hit)
22 http cache utils-merge@https://registry.npmjs.org/utils-merge/-/utils-merge-1.0.1.tgz 0ms (cache hit)
23 http cache util-deprecate@https://registry.npmjs.org/util-deprecate/-/util-deprecate-1.0.2.tgz 0ms (cache hit)
24 http cache update-browserslist-db@https://registry.npmjs.org/update-browserslist-db/-/update-browserslist-db-1.3.0.tgz 0ms (cache hit)
25 http cache unpipe@https://registry.npmjs.org/unpipe/-/unpipe-1.0.0.tgz 0ms (cache hit)
26 http cache type-is@https://registry.npmjs.org/type-is/-/type-is-1.6.18.tgz 0ms (cache hit)
27 http cache vite@https://registry.npmjs.org/vite/-/vite-5.4.21.tgz 0ms (cache hit)
28 http cache tslib@https://registry.npmjs.org/tslib/-/tslib-2.8.1.tgz 0ms (cache hit)
29 http cache ts-interface-checker@https://registry.npmjs.org/ts-interface-checker/-/ts-interface-checker-0.1.13.tgz 0ms (cache hit)
30 http cache tree-kill@https://registry.npmjs.org/tree-kill/-/tree-kill-1.2.2.tgz 0ms (cache hit)
31 http cache y18n@https://registry.npmjs.org/y18n/-/y18n-5.0.8.tgz 0ms (cache hit)
32 http cache topojson-server@https://registry.npmjs.org/topojson-server/-/topojson-server-3.0.1.tgz 0ms (cache hit)
33 http cache toidentifier@https://registry.npmjs.org/toidentifier/-/toidentifier-1.0.1.tgz 0ms (cache hit)
34 http cache to-regex-range@https://registry.npmjs.org/to-regex-range/-/to-regex-range-5.0.1.tgz 0ms (cache hit)
35 http cache tinyglobby@https://registry.npmjs.org/tinyglobby/-/tinyglobby-0.2.17.tgz 0ms (cache hit)
36 http cache topojson-client@https://registry.npmjs.org/topojson-client/-/topojson-client-3.1.0.tgz 0ms (cache hit)
37 http cache tinyqueue@https://registry.npmjs.org/tinyqueue/-/tinyqueue-2.0.3.tgz 0ms (cache hit)
38 http cache tiny-invariant@https://registry.npmjs.org/tiny-invariant/-/tiny-invariant-1.3.3.tgz 0ms (cache hit)
39 http cache thenify-all@https://registry.npmjs.org/thenify-all/-/thenify-all-1.6.0.tgz 0ms (cache hit)
40 http cache tailwind-merge@https://registry.npmjs.org/tailwind-merge/-/tailwind-merge-2.6.1.tgz 0ms (cache hit)
41 http cache supports-preserve-symlinks-flag@https://registry.npmjs.org/supports-preserve-symlinks-flag/-/supports-preserve-symlinks-flag-1.0.0.tgz 0ms (cache hit)
42 http cache thenify@https://registry.npmjs.org/thenify/-/thenify-3.3.1.tgz 0ms (cache hit)
43 http cache supports-color@https://registry.npmjs.org/supports-color/-/supports-color-8.1.1.tgz 0ms (cache hit)
44 http cache sucrase@https://registry.npmjs.org/sucrase/-/sucrase-3.35.1.tgz 0ms (cache hit)
45 http cache strip-ansi@https://registry.npmjs.org/strip-ansi/-/strip-ansi-6.0.1.tgz 0ms (cache hit)
46 http cache tailwindcss@https://registry.npmjs.org/tailwindcss/-/tailwindcss-3.4.19.tgz 0ms (cache hit)
47 http cache string-width@https://registry.npmjs.org/string-width/-/string-width-4.2.3.tgz 0ms (cache hit)
48 http cache statuses@https://registry.npmjs.org/statuses/-/statuses-2.0.2.tgz 0ms (cache hit)
49 http cache splaytree-ts@https://registry.npmjs.org/splaytree-ts/-/splaytree-ts-1.0.2.tgz 0ms (cache hit)
50 http cache spawn-command@https://registry.npmjs.org/spawn-command/-/spawn-command-0.0.2.tgz 0ms (cache hit)
51 http cache source-map-js@https://registry.npmjs.org/source-map-js/-/source-map-js-1.2.1.tgz 0ms (cache hit)
52 http cache skmeans@https://registry.npmjs.org/skmeans/-/skmeans-0.9.7.tgz 0ms (cache hit)
53 http cache side-channel-weakmap@https://registry.npmjs.org/side-channel-weakmap/-/side-channel-weakmap-1.0.2.tgz 0ms (cache hit)
54 http cache side-channel-map@https://registry.npmjs.org/side-channel-map/-/side-channel-map-1.0.1.tgz 0ms (cache hit)
55 http cache side-channel-list@https://registry.npmjs.org/side-channel-list/-/side-channel-list-1.0.1.tgz 0ms (cache hit)
56 http cache side-channel@https://registry.npmjs.org/side-channel/-/side-channel-1.1.1.tgz 0ms (cache hit)
57 http cache shell-quote@https://registry.npmjs.org/shell-quote/-/shell-quote-1.10.0.tgz 0ms (cache hit)
58 http cache setprototypeof@https://registry.npmjs.org/setprototypeof/-/setprototypeof-1.2.0.tgz 0ms (cache hit)
59 http cache semver@https://registry.npmjs.org/semver/-/semver-6.3.1.tgz 0ms (cache hit)
60 http cache scheduler@https://registry.npmjs.org/scheduler/-/scheduler-0.23.2.tgz 0ms (cache hit)
61 http cache safer-buffer@https://registry.npmjs.org/safer-buffer/-/safer-buffer-2.1.2.tgz 0ms (cache hit)
62 http cache rxjs@https://registry.npmjs.org/rxjs/-/rxjs-7.8.2.tgz 0ms (cache hit)
63 http cache safe-buffer@https://registry.npmjs.org/safe-buffer/-/safe-buffer-5.2.1.tgz 0ms (cache hit)
64 http cache serve-static@https://registry.npmjs.org/serve-static/-/serve-static-1.16.3.tgz 0ms (cache hit)
65 http cache send@https://registry.npmjs.org/send/-/send-0.19.2.tgz 0ms (cache hit)
66 http cache robust-predicates@https://registry.npmjs.org/robust-predicates/-/robust-predicates-2.0.4.tgz 0ms (cache hit)
67 http cache run-parallel@https://registry.npmjs.org/run-parallel/-/run-parallel-1.2.0.tgz 0ms (cache hit)
68 http cache reusify@https://registry.npmjs.org/reusify/-/reusify-1.1.0.tgz 0ms (cache hit)
69 http cache resolve@https://registry.npmjs.org/resolve/-/resolve-1.22.12.tgz 0ms (cache hit)
70 http cache require-directory@https://registry.npmjs.org/require-directory/-/require-directory-2.1.1.tgz 0ms (cache hit)
71 http cache rollup@https://registry.npmjs.org/rollup/-/rollup-4.62.4.tgz 0ms (cache hit)
72 http cache recharts-scale@https://registry.npmjs.org/recharts-scale/-/recharts-scale-0.4.5.tgz 0ms (cache hit)
73 http cache recharts@https://registry.npmjs.org/recharts/-/recharts-2.15.4.tgz 0ms (cache hit)
74 http cache read-cache@https://registry.npmjs.org/read-cache/-/read-cache-1.0.0.tgz 0ms (cache hit)
75 http cache react-transition-group@https://registry.npmjs.org/react-transition-group/-/react-transition-group-4.4.5.tgz 0ms (cache hit)
76 http cache react-smooth@https://registry.npmjs.org/react-smooth/-/react-smooth-4.0.4.tgz 0ms (cache hit)
77 http cache react-router@https://registry.npmjs.org/react-router/-/react-router-6.30.4.tgz 0ms (cache hit)
78 http cache react-router-dom@https://registry.npmjs.org/react-router-dom/-/react-router-dom-6.30.4.tgz 0ms (cache hit)
79 http cache readdirp@https://registry.npmjs.org/readdirp/-/readdirp-3.6.0.tgz 0ms (cache hit)
80 http cache react-refresh@https://registry.npmjs.org/react-refresh/-/react-refresh-0.17.0.tgz 0ms (cache hit)
81 http cache react-leaflet@https://registry.npmjs.org/react-leaflet/-/react-leaflet-4.2.1.tgz 0ms (cache hit)
82 http cache react-dom@https://registry.npmjs.org/react-dom/-/react-dom-18.3.1.tgz 0ms (cache hit)
83 http cache react-is@https://registry.npmjs.org/react-is/-/react-is-18.3.1.tgz 0ms (cache hit)
84 http cache react@https://registry.npmjs.org/react/-/react-18.3.1.tgz 0ms (cache hit)
85 http cache raw-body@https://registry.npmjs.org/raw-body/-/raw-body-2.5.3.tgz 0ms (cache hit)
86 http cache rbush@https://registry.npmjs.org/rbush/-/rbush-3.0.1.tgz 0ms (cache hit)
87 http cache range-parser@https://registry.npmjs.org/range-parser/-/range-parser-1.2.1.tgz 0ms (cache hit)
88 http cache quickselect@https://registry.npmjs.org/quickselect/-/quickselect-2.0.0.tgz 0ms (cache hit)
89 http cache queue-microtask@https://registry.npmjs.org/queue-microtask/-/queue-microtask-1.2.3.tgz 0ms (cache hit)
90 http cache qs@https://registry.npmjs.org/qs/-/qs-6.15.3.tgz 0ms (cache hit)
91 http cache proxy-addr@https://registry.npmjs.org/proxy-addr/-/proxy-addr-2.0.7.tgz 0ms (cache hit)
92 http cache prop-types@https://registry.npmjs.org/prop-types/-/prop-types-15.8.1.tgz 0ms (cache hit)
93 http cache postcss-value-parser@https://registry.npmjs.org/postcss-value-parser/-/postcss-value-parser-4.2.0.tgz 0ms (cache hit)
94 http cache postcss-selector-parser@https://registry.npmjs.org/postcss-selector-parser/-/postcss-selector-parser-6.1.4.tgz 0ms (cache hit)
95 http cache postcss-nested@https://registry.npmjs.org/postcss-nested/-/postcss-nested-6.2.0.tgz 0ms (cache hit)
96 http cache postcss-load-config@https://registry.npmjs.org/postcss-load-config/-/postcss-load-config-6.0.1.tgz 0ms (cache hit)
97 http cache postcss-js@https://registry.npmjs.org/postcss-js/-/postcss-js-4.1.0.tgz 0ms (cache hit)
98 http cache postcss-import@https://registry.npmjs.org/postcss-import/-/postcss-import-15.1.0.tgz 0ms (cache hit)
99 http cache postcss@https://registry.npmjs.org/postcss/-/postcss-8.5.26.tgz 0ms (cache hit)
100 http cache polyclip-ts@https://registry.npmjs.org/polyclip-ts/-/polyclip-ts-0.16.8.tgz 0ms (cache hit)
101 http cache point-in-polygon-hao@https://registry.npmjs.org/point-in-polygon-hao/-/point-in-polygon-hao-1.2.4.tgz 0ms (cache hit)
102 http cache point-in-polygon@https://registry.npmjs.org/point-in-polygon/-/point-in-polygon-1.1.0.tgz 0ms (cache hit)
103 http cache pirates@https://registry.npmjs.org/pirates/-/pirates-4.0.7.tgz 0ms (cache hit)
104 http cache pify@https://registry.npmjs.org/pify/-/pify-2.3.0.tgz 0ms (cache hit)
105 http cache picomatch@https://registry.npmjs.org/picomatch/-/picomatch-2.3.2.tgz 0ms (cache hit)
106 http cache picocolors@https://registry.npmjs.org/picocolors/-/picocolors-1.1.1.tgz 0ms (cache hit)
107 http cache path-to-regexp@https://registry.npmjs.org/path-to-regexp/-/path-to-regexp-0.1.13.tgz 0ms (cache hit)
108 http cache path-parse@https://registry.npmjs.org/path-parse/-/path-parse-1.0.7.tgz 0ms (cache hit)
109 http cache parseurl@https://registry.npmjs.org/parseurl/-/parseurl-1.3.3.tgz 0ms (cache hit)
110 http cache osrm-text-instructions@https://registry.npmjs.org/osrm-text-instructions/-/osrm-text-instructions-0.13.4.tgz 0ms (cache hit)
111 http cache on-finished@https://registry.npmjs.org/on-finished/-/on-finished-2.4.1.tgz 0ms (cache hit)
112 http cache object-inspect@https://registry.npmjs.org/object-inspect/-/object-inspect-1.13.4.tgz 0ms (cache hit)
113 http cache object-hash@https://registry.npmjs.org/object-hash/-/object-hash-3.0.0.tgz 0ms (cache hit)
114 http cache object-assign@https://registry.npmjs.org/object-assign/-/object-assign-4.1.1.tgz 0ms (cache hit)
115 http cache normalize-path@https://registry.npmjs.org/normalize-path/-/normalize-path-3.0.0.tgz 0ms (cache hit)
116 http cache nodemailer@https://registry.npmjs.org/nodemailer/-/nodemailer-6.10.1.tgz 0ms (cache hit)
117 http cache node-releases@https://registry.npmjs.org/node-releases/-/node-releases-2.0.53.tgz 0ms (cache hit)
118 http cache negotiator@https://registry.npmjs.org/negotiator/-/negotiator-0.6.3.tgz 0ms (cache hit)
119 http cache nanoid@https://registry.npmjs.org/nanoid/-/nanoid-3.3.17.tgz 0ms (cache hit)
120 http cache mz@https://registry.npmjs.org/mz/-/mz-2.7.0.tgz 0ms (cache hit)
121 http cache ms@https://registry.npmjs.org/ms/-/ms-2.1.3.tgz 0ms (cache hit)
122 http cache mime-types@https://registry.npmjs.org/mime-types/-/mime-types-2.1.35.tgz 0ms (cache hit)
123 http cache mime-db@https://registry.npmjs.org/mime-db/-/mime-db-1.52.0.tgz 0ms (cache hit)
124 http cache mime@https://registry.npmjs.org/mime/-/mime-1.6.0.tgz 0ms (cache hit)
125 http cache micromatch@https://registry.npmjs.org/micromatch/-/micromatch-4.0.8.tgz 0ms (cache hit)
126 http cache methods@https://registry.npmjs.org/methods/-/methods-1.1.2.tgz 0ms (cache hit)
127 http cache merge-descriptors@https://registry.npmjs.org/merge-descriptors/-/merge-descriptors-1.0.3.tgz 0ms (cache hit)
128 http cache merge2@https://registry.npmjs.org/merge2/-/merge2-1.4.1.tgz 0ms (cache hit)
129 http cache media-typer@https://registry.npmjs.org/media-typer/-/media-typer-0.3.0.tgz 0ms (cache hit)
130 http cache math-intrinsics@https://registry.npmjs.org/math-intrinsics/-/math-intrinsics-1.1.0.tgz 0ms (cache hit)
131 http cache lucide-react@https://registry.npmjs.org/lucide-react/-/lucide-react-0.427.0.tgz 0ms (cache hit)
132 http cache lru-cache@https://registry.npmjs.org/lru-cache/-/lru-cache-5.1.1.tgz 0ms (cache hit)
133 http cache loose-envify@https://registry.npmjs.org/loose-envify/-/loose-envify-1.4.0.tgz 0ms (cache hit)
134 http cache lodash@https://registry.npmjs.org/lodash/-/lodash-4.18.1.tgz 0ms (cache hit)
135 http cache lines-and-columns@https://registry.npmjs.org/lines-and-columns/-/lines-and-columns-1.2.4.tgz 0ms (cache hit)
136 http cache lilconfig@https://registry.npmjs.org/lilconfig/-/lilconfig-3.1.3.tgz 0ms (cache hit)
137 http cache leaflet-routing-machine@https://registry.npmjs.org/leaflet-routing-machine/-/leaflet-routing-machine-3.2.12.tgz 0ms (cache hit)
138 http cache leaflet@https://registry.npmjs.org/leaflet/-/leaflet-1.9.4.tgz 0ms (cache hit)
139 http cache jsts@https://registry.npmjs.org/jsts/-/jsts-2.7.1.tgz 0ms (cache hit)
140 http cache json5@https://registry.npmjs.org/json5/-/json5-2.2.3.tgz 0ms (cache hit)
141 http cache jsesc@https://registry.npmjs.org/jsesc/-/jsesc-3.1.0.tgz 0ms (cache hit)
142 http cache js-tokens@https://registry.npmjs.org/js-tokens/-/js-tokens-4.0.0.tgz 0ms (cache hit)
143 http cache jiti@https://registry.npmjs.org/jiti/-/jiti-1.21.7.tgz 0ms (cache hit)
144 http cache is-number@https://registry.npmjs.org/is-number/-/is-number-7.0.0.tgz 0ms (cache hit)
145 http cache is-glob@https://registry.npmjs.org/is-glob/-/is-glob-4.0.3.tgz 0ms (cache hit)
146 http cache is-fullwidth-code-point@https://registry.npmjs.org/is-fullwidth-code-point/-/is-fullwidth-code-point-3.0.0.tgz 0ms (cache hit)
147 http cache is-extglob@https://registry.npmjs.org/is-extglob/-/is-extglob-2.1.1.tgz 0ms (cache hit)
148 http cache is-core-module@https://registry.npmjs.org/is-core-module/-/is-core-module-2.16.2.tgz 0ms (cache hit)
149 http cache is-binary-path@https://registry.npmjs.org/is-binary-path/-/is-binary-path-2.1.0.tgz 0ms (cache hit)
150 http cache ipaddr.js@https://registry.npmjs.org/ipaddr.js/-/ipaddr.js-1.9.1.tgz 0ms (cache hit)
151 http cache internmap@https://registry.npmjs.org/internmap/-/internmap-1.0.1.tgz 0ms (cache hit)
152 http cache inherits@https://registry.npmjs.org/inherits/-/inherits-2.0.4.tgz 0ms (cache hit)
153 http cache iconv-lite@https://registry.npmjs.org/iconv-lite/-/iconv-lite-0.4.24.tgz 0ms (cache hit)
154 http cache http-errors@https://registry.npmjs.org/http-errors/-/http-errors-2.0.1.tgz 0ms (cache hit)
155 http cache hasown@https://registry.npmjs.org/hasown/-/hasown-2.0.4.tgz 0ms (cache hit)
156 http cache has-symbols@https://registry.npmjs.org/has-symbols/-/has-symbols-1.1.0.tgz 0ms (cache hit)
157 http cache has-flag@https://registry.npmjs.org/has-flag/-/has-flag-4.0.0.tgz 0ms (cache hit)
158 http cache gopd@https://registry.npmjs.org/gopd/-/gopd-1.2.0.tgz 0ms (cache hit)
159 http cache glob-parent@https://registry.npmjs.org/glob-parent/-/glob-parent-6.0.2.tgz 0ms (cache hit)
160 http cache get-proto@https://registry.npmjs.org/get-proto/-/get-proto-1.0.1.tgz 0ms (cache hit)
161 http cache get-caller-file@https://registry.npmjs.org/get-caller-file/-/get-caller-file-2.0.5.tgz 0ms (cache hit)
162 http cache get-intrinsic@https://registry.npmjs.org/get-intrinsic/-/get-intrinsic-1.3.0.tgz 0ms (cache hit)
163 http cache geojson-polygon-self-intersections@https://registry.npmjs.org/geojson-polygon-self-intersections/-/geojson-polygon-self-intersections-1.2.2.tgz 0ms (cache hit)
164 http cache geojson-equality-ts@https://registry.npmjs.org/geojson-equality-ts/-/geojson-equality-ts-1.0.2.tgz 0ms (cache hit)
165 http cache gensync@https://registry.npmjs.org/gensync/-/gensync-1.0.0-beta.2.tgz 0ms (cache hit)
166 http cache function-bind@https://registry.npmjs.org/function-bind/-/function-bind-1.1.2.tgz 0ms (cache hit)
167 http cache fresh@https://registry.npmjs.org/fresh/-/fresh-0.5.2.tgz 0ms (cache hit)
168 http cache fraction.js@https://registry.npmjs.org/fraction.js/-/fraction.js-5.3.4.tgz 0ms (cache hit)
169 http cache fsevents@https://registry.npmjs.org/fsevents/-/fsevents-2.3.3.tgz 0ms (cache hit)
170 http cache forwarded@https://registry.npmjs.org/forwarded/-/forwarded-0.2.0.tgz 0ms (cache hit)
171 http cache finalhandler@https://registry.npmjs.org/finalhandler/-/finalhandler-1.3.2.tgz 0ms (cache hit)
172 http cache fill-range@https://registry.npmjs.org/fill-range/-/fill-range-7.1.1.tgz 0ms (cache hit)
173 http cache fastq@https://registry.npmjs.org/fastq/-/fastq-1.20.1.tgz 0ms (cache hit)
174 http cache fast-glob@https://registry.npmjs.org/fast-glob/-/fast-glob-3.3.3.tgz 0ms (cache hit)
175 http cache fast-equals@https://registry.npmjs.org/fast-equals/-/fast-equals-5.4.1.tgz 0ms (cache hit)
176 http cache fast-deep-equal@https://registry.npmjs.org/fast-deep-equal/-/fast-deep-equal-3.1.3.tgz 0ms (cache hit)
177 http cache express@https://registry.npmjs.org/express/-/express-4.22.2.tgz 0ms (cache hit)
178 http cache eventemitter3@https://registry.npmjs.org/eventemitter3/-/eventemitter3-4.0.7.tgz 0ms (cache hit)
179 http cache etag@https://registry.npmjs.org/etag/-/etag-1.8.1.tgz 0ms (cache hit)
180 http cache escape-html@https://registry.npmjs.org/escape-html/-/escape-html-1.0.3.tgz 0ms (cache hit)
181 http cache escalade@https://registry.npmjs.org/escalade/-/escalade-3.2.0.tgz 0ms (cache hit)
182 http cache esbuild@https://registry.npmjs.org/esbuild/-/esbuild-0.21.5.tgz 0ms (cache hit)
183 http cache es-object-atoms@https://registry.npmjs.org/es-object-atoms/-/es-object-atoms-1.1.2.tgz 0ms (cache hit)
184 http cache es-errors@https://registry.npmjs.org/es-errors/-/es-errors-1.3.0.tgz 0ms (cache hit)
185 http cache es-define-property@https://registry.npmjs.org/es-define-property/-/es-define-property-1.0.1.tgz 0ms (cache hit)
186 http cache encodeurl@https://registry.npmjs.org/encodeurl/-/encodeurl-2.0.0.tgz 0ms (cache hit)
187 http cache emoji-regex@https://registry.npmjs.org/emoji-regex/-/emoji-regex-8.0.0.tgz 0ms (cache hit)
188 http cache electron-to-chromium@https://registry.npmjs.org/electron-to-chromium/-/electron-to-chromium-1.5.402.tgz 0ms (cache hit)
189 http cache ee-first@https://registry.npmjs.org/ee-first/-/ee-first-1.1.1.tgz 0ms (cache hit)
190 http cache earcut@https://registry.npmjs.org/earcut/-/earcut-2.2.4.tgz 0ms (cache hit)
191 http cache dunder-proto@https://registry.npmjs.org/dunder-proto/-/dunder-proto-1.0.1.tgz 0ms (cache hit)
192 http cache dotenv@https://registry.npmjs.org/dotenv/-/dotenv-16.6.1.tgz 0ms (cache hit)
193 http cache dom-helpers@https://registry.npmjs.org/dom-helpers/-/dom-helpers-5.2.1.tgz 0ms (cache hit)
194 http cache dlv@https://registry.npmjs.org/dlv/-/dlv-1.1.3.tgz 0ms (cache hit)
195 http cache didyoumean@https://registry.npmjs.org/didyoumean/-/didyoumean-1.2.2.tgz 0ms (cache hit)
196 http cache destroy@https://registry.npmjs.org/destroy/-/destroy-1.2.0.tgz 0ms (cache hit)
197 http cache depd@https://registry.npmjs.org/depd/-/depd-2.0.0.tgz 0ms (cache hit)
198 http cache decimal.js-light@https://registry.npmjs.org/decimal.js-light/-/decimal.js-light-2.5.1.tgz 0ms (cache hit)
199 http cache debug@https://registry.npmjs.org/debug/-/debug-4.4.3.tgz 0ms (cache hit)
200 http cache date-fns@https://registry.npmjs.org/date-fns/-/date-fns-2.30.0.tgz 0ms (cache hit)
201 http cache d3-voronoi@https://registry.npmjs.org/d3-voronoi/-/d3-voronoi-1.1.2.tgz 0ms (cache hit)
202 http cache d3-time-format@https://registry.npmjs.org/d3-time-format/-/d3-time-format-4.1.0.tgz 0ms (cache hit)
203 http cache d3-time@https://registry.npmjs.org/d3-time/-/d3-time-3.1.0.tgz 0ms (cache hit)
204 http cache d3-shape@https://registry.npmjs.org/d3-shape/-/d3-shape-3.2.0.tgz 0ms (cache hit)
205 http cache d3-scale@https://registry.npmjs.org/d3-scale/-/d3-scale-4.0.2.tgz 0ms (cache hit)
206 http cache d3-path@https://registry.npmjs.org/d3-path/-/d3-path-3.1.0.tgz 0ms (cache hit)
207 http cache d3-interpolate@https://registry.npmjs.org/d3-interpolate/-/d3-interpolate-3.0.1.tgz 0ms (cache hit)
208 http cache d3-geo@https://registry.npmjs.org/d3-geo/-/d3-geo-2.0.2.tgz 0ms (cache hit)
209 http cache d3-format@https://registry.npmjs.org/d3-format/-/d3-format-3.1.2.tgz 0ms (cache hit)
210 http cache d3-color@https://registry.npmjs.org/d3-color/-/d3-color-3.1.0.tgz 0ms (cache hit)
211 http cache d3-timer@https://registry.npmjs.org/d3-timer/-/d3-timer-3.0.1.tgz 0ms (cache hit)
212 http cache d3-ease@https://registry.npmjs.org/d3-ease/-/d3-ease-3.0.1.tgz 0ms (cache hit)
213 http cache d3-array@https://registry.npmjs.org/d3-array/-/d3-array-2.12.1.tgz 0ms (cache hit)
214 http cache cors@https://registry.npmjs.org/cors/-/cors-2.8.6.tgz 0ms (cache hit)
215 http cache cookie-signature@https://registry.npmjs.org/cookie-signature/-/cookie-signature-1.0.7.tgz 0ms (cache hit)
216 http cache cssesc@https://registry.npmjs.org/cssesc/-/cssesc-3.0.0.tgz 0ms (cache hit)
217 http cache cookie@https://registry.npmjs.org/cookie/-/cookie-0.7.2.tgz 0ms (cache hit)
218 http cache convert-source-map@https://registry.npmjs.org/convert-source-map/-/convert-source-map-2.0.0.tgz 0ms (cache hit)
219 http cache content-type@https://registry.npmjs.org/content-type/-/content-type-1.0.5.tgz 0ms (cache hit)
220 http cache csstype@https://registry.npmjs.org/csstype/-/csstype-3.2.3.tgz 0ms (cache hit)
221 http cache content-disposition@https://registry.npmjs.org/content-disposition/-/content-disposition-0.5.4.tgz 0ms (cache hit)
222 http cache concaveman@https://registry.npmjs.org/concaveman/-/concaveman-1.2.1.tgz 0ms (cache hit)
223 http cache concurrently@https://registry.npmjs.org/concurrently/-/concurrently-8.2.2.tgz 0ms (cache hit)
224 http cache commander@https://registry.npmjs.org/commander/-/commander-4.1.1.tgz 0ms (cache hit)
225 http cache clsx@https://registry.npmjs.org/clsx/-/clsx-2.1.1.tgz 0ms (cache hit)
226 http cache color-convert@https://registry.npmjs.org/color-convert/-/color-convert-2.0.1.tgz 0ms (cache hit)
227 http cache chokidar@https://registry.npmjs.org/chokidar/-/chokidar-3.6.0.tgz 0ms (cache hit)
228 http cache cliui@https://registry.npmjs.org/cliui/-/cliui-8.0.1.tgz 0ms (cache hit)
229 http cache color-name@https://registry.npmjs.org/color-name/-/color-name-1.1.4.tgz 0ms (cache hit)
230 http cache caniuse-lite@https://registry.npmjs.org/caniuse-lite/-/caniuse-lite-1.0.30001807.tgz 0ms (cache hit)
231 http cache call-bound@https://registry.npmjs.org/call-bound/-/call-bound-1.0.4.tgz 0ms (cache hit)
232 http cache chalk@https://registry.npmjs.org/chalk/-/chalk-4.1.2.tgz 0ms (cache hit)
233 http cache call-bind-apply-helpers@https://registry.npmjs.org/call-bind-apply-helpers/-/call-bind-apply-helpers-1.0.2.tgz 0ms (cache hit)
234 http cache bytes@https://registry.npmjs.org/bytes/-/bytes-3.1.2.tgz 0ms (cache hit)
235 http cache browserslist@https://registry.npmjs.org/browserslist/-/browserslist-4.28.7.tgz 0ms (cache hit)
236 http cache braces@https://registry.npmjs.org/braces/-/braces-3.0.3.tgz 0ms (cache hit)
237 http cache body-parser@https://registry.npmjs.org/body-parser/-/body-parser-1.20.6.tgz 0ms (cache hit)
238 http cache binary-extensions@https://registry.npmjs.org/binary-extensions/-/binary-extensions-2.3.0.tgz 0ms (cache hit)
239 http cache camelcase-css@https://registry.npmjs.org/camelcase-css/-/camelcase-css-2.0.1.tgz 0ms (cache hit)
240 http cache bignumber.js@https://registry.npmjs.org/bignumber.js/-/bignumber.js-9.3.1.tgz 0ms (cache hit)
241 http cache baseline-browser-mapping@https://registry.npmjs.org/baseline-browser-mapping/-/baseline-browser-mapping-2.11.12.tgz 0ms (cache hit)
242 http cache array-flatten@https://registry.npmjs.org/array-flatten/-/array-flatten-1.1.1.tgz 0ms (cache hit)
243 http cache arg@https://registry.npmjs.org/arg/-/arg-5.0.2.tgz 0ms (cache hit)
244 http cache anymatch@https://registry.npmjs.org/anymatch/-/anymatch-3.1.3.tgz 0ms (cache hit)
245 http cache arc@https://registry.npmjs.org/arc/-/arc-0.2.0.tgz 0ms (cache hit)
246 http cache any-promise@https://registry.npmjs.org/any-promise/-/any-promise-1.3.0.tgz 0ms (cache hit)
247 http cache ansi-styles@https://registry.npmjs.org/ansi-styles/-/ansi-styles-4.3.0.tgz 0ms (cache hit)
248 http cache ansi-regex@https://registry.npmjs.org/ansi-regex/-/ansi-regex-5.0.1.tgz 0ms (cache hit)
249 http cache accepts@https://registry.npmjs.org/accepts/-/accepts-1.3.8.tgz 0ms (cache hit)
250 http cache @vitejs/plugin-react@https://registry.npmjs.org/@vitejs/plugin-react/-/plugin-react-4.7.0.tgz 0ms (cache hit)
251 http cache @types/react-dom@https://registry.npmjs.org/@types/react-dom/-/react-dom-18.3.7.tgz 0ms (cache hit)
252 http cache @types/react@https://registry.npmjs.org/@types/react/-/react-18.3.31.tgz 0ms (cache hit)
253 http cache @types/prop-types@https://registry.npmjs.org/@types/prop-types/-/prop-types-15.7.15.tgz 0ms (cache hit)
254 http cache @types/kdbush@https://registry.npmjs.org/@types/kdbush/-/kdbush-3.0.5.tgz 0ms (cache hit)
255 http cache @types/geojson@https://registry.npmjs.org/@types/geojson/-/geojson-7946.0.16.tgz 0ms (cache hit)
256 http cache @types/estree@https://registry.npmjs.org/@types/estree/-/estree-1.0.9.tgz 0ms (cache hit)
257 http cache @types/earcut@https://registry.npmjs.org/@types/earcut/-/earcut-2.1.4.tgz 0ms (cache hit)
258 http cache @types/d3-voronoi@https://registry.npmjs.org/@types/d3-voronoi/-/d3-voronoi-1.1.12.tgz 0ms (cache hit)
259 http cache @types/d3-timer@https://registry.npmjs.org/@types/d3-timer/-/d3-timer-3.0.2.tgz 0ms (cache hit)
260 http cache autoprefixer@https://registry.npmjs.org/autoprefixer/-/autoprefixer-10.5.4.tgz 0ms (cache hit)
261 http cache @types/d3-time@https://registry.npmjs.org/@types/d3-time/-/d3-time-3.0.4.tgz 0ms (cache hit)
262 http cache @types/d3-shape@https://registry.npmjs.org/@types/d3-shape/-/d3-shape-3.1.8.tgz 0ms (cache hit)
263 http cache @types/d3-path@https://registry.npmjs.org/@types/d3-path/-/d3-path-3.1.1.tgz 0ms (cache hit)
264 http cache @types/d3-interpolate@https://registry.npmjs.org/@types/d3-interpolate/-/d3-interpolate-3.0.4.tgz 0ms (cache hit)
265 http cache @types/d3-ease@https://registry.npmjs.org/@types/d3-ease/-/d3-ease-3.0.2.tgz 0ms (cache hit)
266 http cache @types/d3-color@https://registry.npmjs.org/@types/d3-color/-/d3-color-3.1.3.tgz 0ms (cache hit)
267 http cache @types/d3-array@https://registry.npmjs.org/@types/d3-array/-/d3-array-3.2.2.tgz 0ms (cache hit)
268 http cache @types/babel__traverse@https://registry.npmjs.org/@types/babel__traverse/-/babel__traverse-7.28.0.tgz 0ms (cache hit)
269 http cache @types/babel__template@https://registry.npmjs.org/@types/babel__template/-/babel__template-7.4.4.tgz 0ms (cache hit)
270 http cache @types/babel__generator@https://registry.npmjs.org/@types/babel__generator/-/babel__generator-7.27.0.tgz 0ms (cache hit)
271 http cache @types/d3-scale@https://registry.npmjs.org/@types/d3-scale/-/d3-scale-4.0.9.tgz 0ms (cache hit)
272 http cache @types/babel__core@https://registry.npmjs.org/@types/babel__core/-/babel__core-7.20.5.tgz 0ms (cache hit)
273 http cache @turf/unkink-polygon@https://registry.npmjs.org/@turf/unkink-polygon/-/unkink-polygon-7.4.0.tgz 0ms (cache hit)
274 http cache @turf/union@https://registry.npmjs.org/@turf/union/-/union-7.4.0.tgz 0ms (cache hit)
275 http cache @turf/truncate@https://registry.npmjs.org/@turf/truncate/-/truncate-7.4.0.tgz 0ms (cache hit)
276 http cache @turf/triangle-grid@https://registry.npmjs.org/@turf/triangle-grid/-/triangle-grid-7.4.0.tgz 0ms (cache hit)
277 http cache @turf/turf@https://registry.npmjs.org/@turf/turf/-/turf-7.4.0.tgz 0ms (cache hit)
278 http cache @turf/transform-translate@https://registry.npmjs.org/@turf/transform-translate/-/transform-translate-7.4.0.tgz 0ms (cache hit)
279 http cache @turf/transform-rotate@https://registry.npmjs.org/@turf/transform-rotate/-/transform-rotate-7.4.0.tgz 0ms (cache hit)
280 http cache @turf/tin@https://registry.npmjs.org/@turf/tin/-/tin-7.4.0.tgz 0ms (cache hit)
281 http cache @turf/voronoi@https://registry.npmjs.org/@turf/voronoi/-/voronoi-7.4.0.tgz 0ms (cache hit)
282 http cache @turf/transform-scale@https://registry.npmjs.org/@turf/transform-scale/-/transform-scale-7.4.0.tgz 0ms (cache hit)
283 http cache @turf/tesselate@https://registry.npmjs.org/@turf/tesselate/-/tesselate-7.4.0.tgz 0ms (cache hit)
284 http cache @turf/square-grid@https://registry.npmjs.org/@turf/square-grid/-/square-grid-7.4.0.tgz 0ms (cache hit)
285 http cache @turf/standard-deviational-ellipse@https://registry.npmjs.org/@turf/standard-deviational-ellipse/-/standard-deviational-ellipse-7.4.0.tgz 0ms (cache hit)
286 http cache @turf/square@https://registry.npmjs.org/@turf/square/-/square-7.4.0.tgz 0ms (cache hit)
287 http cache @turf/simplify@https://registry.npmjs.org/@turf/simplify/-/simplify-7.4.0.tgz 0ms (cache hit)
288 http cache @turf/shortest-path@https://registry.npmjs.org/@turf/shortest-path/-/shortest-path-7.4.0.tgz 0ms (cache hit)
289 http cache @turf/sector@https://registry.npmjs.org/@turf/sector/-/sector-7.4.0.tgz 0ms (cache hit)
290 http cache @turf/sample@https://registry.npmjs.org/@turf/sample/-/sample-7.4.0.tgz 0ms (cache hit)
291 http cache @turf/rhumb-distance@https://registry.npmjs.org/@turf/rhumb-distance/-/rhumb-distance-7.4.0.tgz 0ms (cache hit)
292 http cache @turf/rhumb-destination@https://registry.npmjs.org/@turf/rhumb-destination/-/rhumb-destination-7.4.0.tgz 0ms (cache hit)
293 http cache @turf/tag@https://registry.npmjs.org/@turf/tag/-/tag-7.4.0.tgz 0ms (cache hit)
294 http cache @turf/rhumb-bearing@https://registry.npmjs.org/@turf/rhumb-bearing/-/rhumb-bearing-7.4.0.tgz 0ms (cache hit)
295 http cache @turf/rewind@https://registry.npmjs.org/@turf/rewind/-/rewind-7.4.0.tgz 0ms (cache hit)
296 http cache @turf/random@https://registry.npmjs.org/@turf/random/-/random-7.4.0.tgz 0ms (cache hit)
297 http cache @turf/quadrat-analysis@https://registry.npmjs.org/@turf/quadrat-analysis/-/quadrat-analysis-7.4.0.tgz 0ms (cache hit)
298 http cache @turf/projection@https://registry.npmjs.org/@turf/projection/-/projection-7.4.0.tgz 0ms (cache hit)
299 http cache @turf/rectangle-grid@https://registry.npmjs.org/@turf/rectangle-grid/-/rectangle-grid-7.4.0.tgz 0ms (cache hit)
300 http cache @turf/polygonize@https://registry.npmjs.org/@turf/polygonize/-/polygonize-7.4.0.tgz 0ms (cache hit)
301 http cache @turf/polygon-smooth@https://registry.npmjs.org/@turf/polygon-smooth/-/polygon-smooth-7.4.0.tgz 0ms (cache hit)
302 http cache @turf/polygon-to-line@https://registry.npmjs.org/@turf/polygon-to-line/-/polygon-to-line-7.4.0.tgz 0ms (cache hit)
303 http cache @turf/polygon-tangents@https://registry.npmjs.org/@turf/polygon-tangents/-/polygon-tangents-7.4.0.tgz 0ms (cache hit)
304 http cache @turf/points-within-polygon@https://registry.npmjs.org/@turf/points-within-polygon/-/points-within-polygon-7.4.0.tgz 0ms (cache hit)
305 http cache @turf/point-on-feature@https://registry.npmjs.org/@turf/point-on-feature/-/point-on-feature-7.4.0.tgz 0ms (cache hit)
306 http cache @turf/point-to-polygon-distance@https://registry.npmjs.org/@turf/point-to-polygon-distance/-/point-to-polygon-distance-7.4.0.tgz 0ms (cache hit)
307 http cache @turf/point-grid@https://registry.npmjs.org/@turf/point-grid/-/point-grid-7.4.0.tgz 0ms (cache hit)
308 http cache @turf/planepoint@https://registry.npmjs.org/@turf/planepoint/-/planepoint-7.4.0.tgz 0ms (cache hit)
309 http cache @turf/point-to-line-distance@https://registry.npmjs.org/@turf/point-to-line-distance/-/point-to-line-distance-7.4.0.tgz 0ms (cache hit)
310 http cache @turf/nearest-point-to-line@https://registry.npmjs.org/@turf/nearest-point-to-line/-/nearest-point-to-line-7.4.0.tgz 0ms (cache hit)
311 http cache @turf/nearest-point-on-line@https://registry.npmjs.org/@turf/nearest-point-on-line/-/nearest-point-on-line-7.4.0.tgz 0ms (cache hit)
312 http cache @turf/nearest-neighbor-analysis@https://registry.npmjs.org/@turf/nearest-neighbor-analysis/-/nearest-neighbor-analysis-7.4.0.tgz 0ms (cache hit)
313 http cache @turf/midpoint@https://registry.npmjs.org/@turf/midpoint/-/midpoint-7.4.0.tgz 0ms (cache hit)
314 http cache @turf/nearest-point@https://registry.npmjs.org/@turf/nearest-point/-/nearest-point-7.4.0.tgz 0ms (cache hit)
315 http cache @turf/meta@https://registry.npmjs.org/@turf/meta/-/meta-7.4.0.tgz 0ms (cache hit)
316 http cache @turf/moran-index@https://registry.npmjs.org/@turf/moran-index/-/moran-index-7.4.0.tgz 0ms (cache hit)
317 http cache @turf/line-to-polygon@https://registry.npmjs.org/@turf/line-to-polygon/-/line-to-polygon-7.4.0.tgz 0ms (cache hit)
318 http cache @turf/mask@https://registry.npmjs.org/@turf/mask/-/mask-7.4.0.tgz 0ms (cache hit)
319 http cache @turf/line-split@https://registry.npmjs.org/@turf/line-split/-/line-split-7.4.0.tgz 0ms (cache hit)
320 http cache @turf/line-slice@https://registry.npmjs.org/@turf/line-slice/-/line-slice-7.4.0.tgz 0ms (cache hit)
321 http cache @turf/line-slice-along@https://registry.npmjs.org/@turf/line-slice-along/-/line-slice-along-7.4.0.tgz 0ms (cache hit)
322 http cache @turf/line-overlap@https://registry.npmjs.org/@turf/line-overlap/-/line-overlap-7.4.0.tgz 0ms (cache hit)
323 http cache @turf/line-offset@https://registry.npmjs.org/@turf/line-offset/-/line-offset-7.4.0.tgz 0ms (cache hit)
324 http cache @turf/line-intersect@https://registry.npmjs.org/@turf/line-intersect/-/line-intersect-7.4.0.tgz 0ms (cache hit)
325 http cache @turf/line-chunk@https://registry.npmjs.org/@turf/line-chunk/-/line-chunk-7.4.0.tgz 0ms (cache hit)
326 http cache @turf/line-arc@https://registry.npmjs.org/@turf/line-arc/-/line-arc-7.4.0.tgz 0ms (cache hit)
327 http cache @turf/line-segment@https://registry.npmjs.org/@turf/line-segment/-/line-segment-7.4.0.tgz 0ms (cache hit)
328 http cache @turf/length@https://registry.npmjs.org/@turf/length/-/length-7.4.0.tgz 0ms (cache hit)
329 http cache @turf/isolines@https://registry.npmjs.org/@turf/isolines/-/isolines-7.4.0.tgz 0ms (cache hit)
330 http cache @turf/jsts@https://registry.npmjs.org/@turf/jsts/-/jsts-2.7.2.tgz 0ms (cache hit)
331 http cache @turf/kinks@https://registry.npmjs.org/@turf/kinks/-/kinks-7.4.0.tgz 0ms (cache hit)
332 http cache @turf/invariant@https://registry.npmjs.org/@turf/invariant/-/invariant-7.4.0.tgz 0ms (cache hit)
333 http cache @turf/intersect@https://registry.npmjs.org/@turf/intersect/-/intersect-7.4.0.tgz 0ms (cache hit)
334 http cache @turf/interpolate@https://registry.npmjs.org/@turf/interpolate/-/interpolate-7.4.0.tgz 0ms (cache hit)
335 http cache @turf/hex-grid@https://registry.npmjs.org/@turf/hex-grid/-/hex-grid-7.4.0.tgz 0ms (cache hit)
336 http cache @turf/great-circle@https://registry.npmjs.org/@turf/great-circle/-/great-circle-7.4.0.tgz 0ms (cache hit)
337 http cache @turf/isobands@https://registry.npmjs.org/@turf/isobands/-/isobands-7.4.0.tgz 0ms (cache hit)
338 http cache @turf/helpers@https://registry.npmjs.org/@turf/helpers/-/helpers-7.4.0.tgz 0ms (cache hit)
339 http cache @turf/flip@https://registry.npmjs.org/@turf/flip/-/flip-7.4.0.tgz 0ms (cache hit)
340 http cache @turf/flatten@https://registry.npmjs.org/@turf/flatten/-/flatten-7.4.0.tgz 0ms (cache hit)
341 http cache @turf/envelope@https://registry.npmjs.org/@turf/envelope/-/envelope-7.4.0.tgz 0ms (cache hit)
342 http cache @turf/geojson-rbush@https://registry.npmjs.org/@turf/geojson-rbush/-/geojson-rbush-7.4.0.tgz 0ms (cache hit)
343 http cache @turf/explode@https://registry.npmjs.org/@turf/explode/-/explode-7.4.0.tgz 0ms (cache hit)
344 http cache @turf/ellipse@https://registry.npmjs.org/@turf/ellipse/-/ellipse-7.4.0.tgz 0ms (cache hit)
345 http cache @turf/distance-weight@https://registry.npmjs.org/@turf/distance-weight/-/distance-weight-7.4.0.tgz 0ms (cache hit)
346 http cache @turf/dissolve@https://registry.npmjs.org/@turf/dissolve/-/dissolve-7.4.0.tgz 0ms (cache hit)
347 http cache @turf/directional-mean@https://registry.npmjs.org/@turf/directional-mean/-/directional-mean-7.4.0.tgz 0ms (cache hit)
348 http cache @turf/distance@https://registry.npmjs.org/@turf/distance/-/distance-7.4.0.tgz 0ms (cache hit)
349 http cache @turf/destination@https://registry.npmjs.org/@turf/destination/-/destination-7.4.0.tgz 0ms (cache hit)
350 http cache @turf/concave@https://registry.npmjs.org/@turf/concave/-/concave-7.4.0.tgz 0ms (cache hit)
351 http cache @turf/difference@https://registry.npmjs.org/@turf/difference/-/difference-7.4.0.tgz 0ms (cache hit)
352 http cache @turf/collect@https://registry.npmjs.org/@turf/collect/-/collect-7.4.0.tgz 0ms (cache hit)
353 http cache @turf/combine@https://registry.npmjs.org/@turf/combine/-/combine-7.4.0.tgz 0ms (cache hit)
354 http cache @turf/convex@https://registry.npmjs.org/@turf/convex/-/convex-7.4.0.tgz 0ms (cache hit)
355 http cache @turf/clusters-kmeans@https://registry.npmjs.org/@turf/clusters-kmeans/-/clusters-kmeans-7.4.0.tgz 0ms (cache hit)
356 http cache @turf/clone@https://registry.npmjs.org/@turf/clone/-/clone-7.4.0.tgz 0ms (cache hit)
357 http cache @turf/clusters-dbscan@https://registry.npmjs.org/@turf/clusters-dbscan/-/clusters-dbscan-7.4.0.tgz 0ms (cache hit)
358 http cache @turf/clean-coords@https://registry.npmjs.org/@turf/clean-coords/-/clean-coords-7.4.0.tgz 0ms (cache hit)
359 http cache @turf/circle@https://registry.npmjs.org/@turf/circle/-/circle-7.4.0.tgz 0ms (cache hit)
360 http cache @turf/clusters@https://registry.npmjs.org/@turf/clusters/-/clusters-7.4.0.tgz 0ms (cache hit)
361 http cache @turf/centroid@https://registry.npmjs.org/@turf/centroid/-/centroid-7.4.0.tgz 0ms (cache hit)
362 http cache @turf/center-of-mass@https://registry.npmjs.org/@turf/center-of-mass/-/center-of-mass-7.4.0.tgz 0ms (cache hit)
363 http cache @turf/center@https://registry.npmjs.org/@turf/center/-/center-7.4.0.tgz 0ms (cache hit)
364 http cache @turf/center-mean@https://registry.npmjs.org/@turf/center-mean/-/center-mean-7.4.0.tgz 0ms (cache hit)
365 http cache @turf/center-median@https://registry.npmjs.org/@turf/center-median/-/center-median-7.4.0.tgz 0ms (cache hit)
366 http cache @turf/buffer@https://registry.npmjs.org/@turf/buffer/-/buffer-7.4.0.tgz 0ms (cache hit)
367 http cache @turf/boolean-within@https://registry.npmjs.org/@turf/boolean-within/-/boolean-within-7.4.0.tgz 0ms (cache hit)
368 http cache @turf/boolean-touches@https://registry.npmjs.org/@turf/boolean-touches/-/boolean-touches-7.4.0.tgz 0ms (cache hit)
369 http cache @turf/boolean-valid@https://registry.npmjs.org/@turf/boolean-valid/-/boolean-valid-7.4.0.tgz 0ms (cache hit)
370 http cache @turf/boolean-point-on-line@https://registry.npmjs.org/@turf/boolean-point-on-line/-/boolean-point-on-line-7.4.0.tgz 0ms (cache hit)
371 http cache @turf/boolean-point-in-polygon@https://registry.npmjs.org/@turf/boolean-point-in-polygon/-/boolean-point-in-polygon-7.4.0.tgz 0ms (cache hit)
372 http cache @turf/boolean-overlap@https://registry.npmjs.org/@turf/boolean-overlap/-/boolean-overlap-7.4.0.tgz 0ms (cache hit)
373 http cache @turf/boolean-parallel@https://registry.npmjs.org/@turf/boolean-parallel/-/boolean-parallel-7.4.0.tgz 0ms (cache hit)
374 http cache @turf/boolean-intersects@https://registry.npmjs.org/@turf/boolean-intersects/-/boolean-intersects-7.4.0.tgz 0ms (cache hit)
375 http cache @turf/boolean-equal@https://registry.npmjs.org/@turf/boolean-equal/-/boolean-equal-7.4.0.tgz 0ms (cache hit)
376 http cache @turf/boolean-contains@https://registry.npmjs.org/@turf/boolean-contains/-/boolean-contains-7.4.0.tgz 0ms (cache hit)
377 http cache @turf/boolean-crosses@https://registry.npmjs.org/@turf/boolean-crosses/-/boolean-crosses-7.4.0.tgz 0ms (cache hit)
378 http cache @turf/boolean-disjoint@https://registry.npmjs.org/@turf/boolean-disjoint/-/boolean-disjoint-7.4.0.tgz 0ms (cache hit)
379 http cache @turf/boolean-concave@https://registry.npmjs.org/@turf/boolean-concave/-/boolean-concave-7.4.0.tgz 0ms (cache hit)
380 http cache @turf/boolean-clockwise@https://registry.npmjs.org/@turf/boolean-clockwise/-/boolean-clockwise-7.4.0.tgz 0ms (cache hit)
381 http cache @turf/bearing@https://registry.npmjs.org/@turf/bearing/-/bearing-7.4.0.tgz 0ms (cache hit)
382 http cache @turf/bezier-spline@https://registry.npmjs.org/@turf/bezier-spline/-/bezier-spline-7.4.0.tgz 0ms (cache hit)
383 http cache @turf/bbox-polygon@https://registry.npmjs.org/@turf/bbox-polygon/-/bbox-polygon-7.4.0.tgz 0ms (cache hit)
384 http cache @turf/bbox-clip@https://registry.npmjs.org/@turf/bbox-clip/-/bbox-clip-7.4.0.tgz 0ms (cache hit)
385 http cache @turf/area@https://registry.npmjs.org/@turf/area/-/area-7.4.0.tgz 0ms (cache hit)
386 http cache @turf/angle@https://registry.npmjs.org/@turf/angle/-/angle-7.4.0.tgz 0ms (cache hit)
387 http cache @rollup/rollup-darwin-arm64@https://registry.npmjs.org/@rollup/rollup-darwin-arm64/-/rollup-darwin-arm64-4.62.4.tgz 0ms (cache hit)
388 http cache @turf/along@https://registry.npmjs.org/@turf/along/-/along-7.4.0.tgz 0ms (cache hit)
389 http cache @rolldown/pluginutils@https://registry.npmjs.org/@rolldown/pluginutils/-/pluginutils-1.0.0-beta.27.tgz 0ms (cache hit)
390 http cache @remix-run/router@https://registry.npmjs.org/@remix-run/router/-/router-1.23.3.tgz 0ms (cache hit)
391 http cache @react-leaflet/core@https://registry.npmjs.org/@react-leaflet/core/-/core-2.1.0.tgz 0ms (cache hit)
392 http cache @nodelib/fs.walk@https://registry.npmjs.org/@nodelib/fs.walk/-/fs.walk-1.2.8.tgz 0ms (cache hit)
393 http cache @nodelib/fs.stat@https://registry.npmjs.org/@nodelib/fs.stat/-/fs.stat-2.0.5.tgz 0ms (cache hit)
394 http cache @mapbox/polyline@https://registry.npmjs.org/@mapbox/polyline/-/polyline-0.2.0.tgz 0ms (cache hit)
395 http cache @nodelib/fs.scandir@https://registry.npmjs.org/@nodelib/fs.scandir/-/fs.scandir-2.1.5.tgz 0ms (cache hit)
396 http cache @jridgewell/trace-mapping@https://registry.npmjs.org/@jridgewell/trace-mapping/-/trace-mapping-0.3.31.tgz 0ms (cache hit)
397 http cache @mapbox/corslite@https://registry.npmjs.org/@mapbox/corslite/-/corslite-0.0.7.tgz 0ms (cache hit)
398 http cache @jridgewell/sourcemap-codec@https://registry.npmjs.org/@jridgewell/sourcemap-codec/-/sourcemap-codec-1.5.5.tgz 0ms (cache hit)
399 http cache @jridgewell/resolve-uri@https://registry.npmjs.org/@jridgewell/resolve-uri/-/resolve-uri-3.1.2.tgz 0ms (cache hit)
400 http cache @jridgewell/remapping@https://registry.npmjs.org/@jridgewell/remapping/-/remapping-2.3.5.tgz 0ms (cache hit)
401 http cache @jridgewell/gen-mapping@https://registry.npmjs.org/@jridgewell/gen-mapping/-/gen-mapping-0.3.13.tgz 0ms (cache hit)
402 http cache @esbuild/darwin-arm64@https://registry.npmjs.org/@esbuild/darwin-arm64/-/darwin-arm64-0.21.5.tgz 0ms (cache hit)
403 http cache @babel/traverse@https://registry.npmjs.org/@babel/traverse/-/traverse-7.29.8.tgz 0ms (cache hit)
404 http cache @babel/types@https://registry.npmjs.org/@babel/types/-/types-7.29.8.tgz 0ms (cache hit)
405 http cache @babel/template@https://registry.npmjs.org/@babel/template/-/template-7.29.7.tgz 0ms (cache hit)
406 http cache @babel/runtime@https://registry.npmjs.org/@babel/runtime/-/runtime-7.29.7.tgz 0ms (cache hit)
407 http cache @babel/plugin-transform-react-jsx-source@https://registry.npmjs.org/@babel/plugin-transform-react-jsx-source/-/plugin-transform-react-jsx-source-7.29.7.tgz 0ms (cache hit)
408 http cache @babel/plugin-transform-react-jsx-self@https://registry.npmjs.org/@babel/plugin-transform-react-jsx-self/-/plugin-transform-react-jsx-self-7.29.7.tgz 0ms (cache hit)
409 http cache @babel/parser@https://registry.npmjs.org/@babel/parser/-/parser-7.29.8.tgz 0ms (cache hit)
410 http cache @babel/helpers@https://registry.npmjs.org/@babel/helpers/-/helpers-7.29.7.tgz 0ms (cache hit)
411 http cache @babel/helper-validator-option@https://registry.npmjs.org/@babel/helper-validator-option/-/helper-validator-option-7.29.7.tgz 0ms (cache hit)
412 http cache @babel/helper-validator-identifier@https://registry.npmjs.org/@babel/helper-validator-identifier/-/helper-validator-identifier-7.29.7.tgz 0ms (cache hit)
413 http cache @babel/helper-string-parser@https://registry.npmjs.org/@babel/helper-string-parser/-/helper-string-parser-7.29.7.tgz 0ms (cache hit)
414 http cache @babel/helper-plugin-utils@https://registry.npmjs.org/@babel/helper-plugin-utils/-/helper-plugin-utils-7.29.7.tgz 0ms (cache hit)
415 http cache @babel/helper-module-imports@https://registry.npmjs.org/@babel/helper-module-imports/-/helper-module-imports-7.29.7.tgz 0ms (cache hit)
416 http cache @babel/helper-module-transforms@https://registry.npmjs.org/@babel/helper-module-transforms/-/helper-module-transforms-7.29.7.tgz 0ms (cache hit)
417 http cache @turf/bbox@https://registry.npmjs.org/@turf/bbox/-/bbox-7.4.0.tgz 0ms (cache hit)
418 http cache @babel/core@https://registry.npmjs.org/@babel/core/-/core-7.29.7.tgz 0ms (cache hit)
419 http cache @babel/helper-compilation-targets@https://registry.npmjs.org/@babel/helper-compilation-targets/-/helper-compilation-targets-7.29.7.tgz 0ms (cache hit)
420 http cache @babel/generator@https://registry.npmjs.org/@babel/generator/-/generator-7.29.8.tgz 0ms (cache hit)
421 http cache @babel/compat-data@https://registry.npmjs.org/@babel/compat-data/-/compat-data-7.29.7.tgz 0ms (cache hit)
422 http cache @babel/code-frame@https://registry.npmjs.org/@babel/code-frame/-/code-frame-7.29.7.tgz 0ms (cache hit)
423 http cache @alloc/quick-lru@https://registry.npmjs.org/@alloc/quick-lru/-/quick-lru-5.2.0.tgz 0ms (cache hit)
424 http cache d3-array@https://registry.npmjs.org/d3-array/-/d3-array-3.2.4.tgz 0ms (cache hit)
425 http cache commander@https://registry.npmjs.org/commander/-/commander-2.20.3.tgz 0ms (cache hit)
426 http cache commander@https://registry.npmjs.org/commander/-/commander-2.20.3.tgz 0ms (cache hit)
427 http cache @babel/helper-globals@https://registry.npmjs.org/@babel/helper-globals/-/helper-globals-7.29.7.tgz 0ms (cache hit)
428 http cache fdir@https://registry.npmjs.org/fdir/-/fdir-6.5.0.tgz 0ms (cache hit)
429 http cache debug@https://registry.npmjs.org/debug/-/debug-2.6.9.tgz 0ms (cache hit)
430 http cache react-is@https://registry.npmjs.org/react-is/-/react-is-16.13.1.tgz 0ms (cache hit)
431 http cache robust-predicates@https://registry.npmjs.org/robust-predicates/-/robust-predicates-3.0.3.tgz 0ms (cache hit)
432 http cache rbush@https://registry.npmjs.org/rbush/-/rbush-2.0.2.tgz 0ms (cache hit)
433 http cache quickselect@https://registry.npmjs.org/quickselect/-/quickselect-1.1.1.tgz 0ms (cache hit)
434 http cache ms@https://registry.npmjs.org/ms/-/ms-2.0.0.tgz 0ms (cache hit)
435 http cache picomatch@https://registry.npmjs.org/picomatch/-/picomatch-4.0.5.tgz 0ms (cache hit)
436 http cache ms@https://registry.npmjs.org/ms/-/ms-2.0.0.tgz 0ms (cache hit)
437 http cache debug@https://registry.npmjs.org/debug/-/debug-2.6.9.tgz 0ms (cache hit)
438 http cache debug@https://registry.npmjs.org/debug/-/debug-2.6.9.tgz 0ms (cache hit)
439 http cache ms@https://registry.npmjs.org/ms/-/ms-2.0.0.tgz 0ms (cache hit)
440 http cache glob-parent@https://registry.npmjs.org/glob-parent/-/glob-parent-5.1.2.tgz 0ms (cache hit)
441 http cache glob-parent@https://registry.npmjs.org/glob-parent/-/glob-parent-5.1.2.tgz 0ms (cache hit)
442 http cache supports-color@https://registry.npmjs.org/supports-color/-/supports-color-7.2.0.tgz 0ms (cache hit)
443 http cache ms@https://registry.npmjs.org/ms/-/ms-2.0.0.tgz 0ms (cache hit)
444 http cache debug@https://registry.npmjs.org/debug/-/debug-2.6.9.tgz 0ms (cache hit)
445 http fetch POST 200 https://registry.npmjs.org/-/npm/v1/security/advisories/bulk 619ms
446 silly audit report {
446 silly audit report   esbuild: [
446 silly audit report     {
446 silly audit report       id: 1102341,
446 silly audit report       url: 'https://github.com/advisories/GHSA-67mh-4wv8-2f99',
446 silly audit report       title: 'esbuild enables any website to send any requests to the development server and read the response',
446 silly audit report       severity: 'moderate',
446 silly audit report       vulnerable_versions: '<=0.24.2',
446 silly audit report       cwe: [Array],
446 silly audit report       cvss: [Object]
446 silly audit report     }
446 silly audit report   ],
446 silly audit report   nodemailer: [
446 silly audit report     {
446 silly audit report       id: 1109804,
446 silly audit report       url: 'https://github.com/advisories/GHSA-mm7p-fcc7-pg87',
446 silly audit report       title: 'Nodemailer: Email to an unintended domain can occur due to Interpretation Conflict',
446 silly audit report       severity: 'moderate',
446 silly audit report       vulnerable_versions: '<7.0.7',
446 silly audit report       cwe: [Array],
446 silly audit report       cvss: [Object]
446 silly audit report     },
446 silly audit report     {
446 silly audit report       id: 1120795,
446 silly audit report       url: 'https://github.com/advisories/GHSA-268h-hp4c-crq3',
446 silly audit report       title: 'Nodemailer: CRLF injection in Nodemailer List-* header comments allows arbitrary message header injection',
446 silly audit report       severity: 'moderate',
446 silly audit report       vulnerable_versions: '<=8.0.8',
446 silly audit report       cwe: [Array],
446 silly audit report       cvss: [Object]
446 silly audit report     },
446 silly audit report     {
446 silly audit report       id: 1120796,
446 silly audit report       url: 'https://github.com/advisories/GHSA-wqvq-jvpq-h66f',
446 silly audit report       title: 'Nodemailer jsonTransport bypasses disableFileAccess and disableUrlAccess during message normalization',
446 silly audit report       severity: 'moderate',
446 silly audit report       vulnerable_versions: '<=8.0.8',
446 silly audit report       cwe: [Array],
446 silly audit report       cvss: [Object]
446 silly audit report     },
446 silly audit report     {
446 silly audit report       id: 1120797,
446 silly audit report       url: 'https://github.com/advisories/GHSA-r7g4-qg5f-qqm2',
446 silly audit report       title: 'Nodemailer: Improper TLS Certificate Validation in OAuth2 Token Fetch Enables Credential Interception',
446 silly audit report       severity: 'moderate',
446 silly audit report       vulnerable_versions: '<=8.0.7',
446 silly audit report       cwe: [Array],
446 silly audit report       cvss: [Object]
446 silly audit report     },
446 silly audit report     {
446 silly audit report       id: 1121191,
446 silly audit report       url: 'https://github.com/advisories/GHSA-p6gq-j5cr-w38f',
446 silly audit report       title: 'Nodemailer: Message-level raw option bypasses disableFileAccess/disableUrlAccess, enabling arbitrary file read and full-response SSRF in the delivered message',
446 silly audit report       severity: 'high',
446 silly audit report       vulnerable_versions: '<=9.0.0',
446 silly audit report       cwe: [Array],
446 silly audit report       cvss: [Object]
446 silly audit report     },
446 silly audit report     {
446 silly audit report       id: 1115470,
446 silly audit report       url: 'https://github.com/advisories/GHSA-c7w3-x93f-qmm8',
446 silly audit report       title: 'Nodemailer has SMTP command injection due to unsanitized `envelope.size` parameter',
446 silly audit report       severity: 'low',
446 silly audit report       vulnerable_versions: '<8.0.4',
446 silly audit report       cwe: [Array],
446 silly audit report       cvss: [Object]
446 silly audit report     },
446 silly audit report     {
446 silly audit report       id: 1116270,
446 silly audit report       url: 'https://github.com/advisories/GHSA-vvjj-xcjg-gr5g',
446 silly audit report       title: 'Nodemailer Vulnerable to SMTP Command Injection via CRLF in Transport name Option (EHLO/HELO) ',
446 silly audit report       severity: 'moderate',
446 silly audit report       vulnerable_versions: '<=8.0.4',
446 silly audit report       cwe: [Array],
446 silly audit report       cvss: [Object]
446 silly audit report     },
446 silly audit report     {
446 silly audit report       id: 1123478,
446 silly audit report       url: 'https://github.com/advisories/GHSA-rcmh-qjqh-p98v',
446 silly audit report       title: 'Nodemailer’s addressparser is vulnerable to DoS caused by recursive calls',
446 silly audit report       severity: 'high',
446 silly audit report       vulnerable_versions: '>=3.0.0 <=7.0.10',
446 silly audit report       cwe: [Array],
446 silly audit report       cvss: [Object]
446 silly audit report     }
446 silly audit report   ],
446 silly audit report   'react-router': [
446 silly audit report     {
446 silly audit report       id: 1124268,
446 silly audit report       url: 'https://github.com/advisories/GHSA-wrjc-x8rr-h8h6',
446 silly audit report       title: 'React Router: Open redirect via backslash in <Link> and useNavigate (CVE-2025-68470 bypass)',
446 silly audit report       severity: 'moderate',
446 silly audit report       vulnerable_versions: '>=6.0.0 <7.18.0',
446 silly audit report       cwe: [Array],
446 silly audit report       cvss: [Object]
446 silly audit report     },
446 silly audit report     {
446 silly audit report       id: 1124272,
446 silly audit report       url: 'https://github.com/advisories/GHSA-337j-9hxr-rhxg',
446 silly audit report       title: 'React Router: Arbitrary Constructor Injection via deserializeErrors() in React Router SSR Hydration',
446 silly audit report       severity: 'moderate',
446 silly audit report       vulnerable_versions: '>=6.4.0 <7.18.0',
446 silly audit report       cwe: [Array],
446 silly audit report       cvss: [Object]
446 silly audit report     }
446 silly audit report   ],
446 silly audit report   'react-router-dom': [
446 silly audit report     {
446 silly audit report       id: 1124270,
446 silly audit report       url: 'https://github.com/advisories/GHSA-jjmj-jmhj-qwj2',
446 silly audit report       title: 'React Router: Open redirect leading to XSS',
446 silly audit report       severity: 'moderate',
446 silly audit report       vulnerable_versions: '>=6.30.2 <=6.30.4',
446 silly audit report       cwe: [Array],
446 silly audit report       cvss: [Object]
446 silly audit report     }
446 silly audit report   ],
446 silly audit report   vite: [
446 silly audit report     {
446 silly audit report       id: 1120784,
446 silly audit report       url: 'https://github.com/advisories/GHSA-v6wh-96g9-6wx3',
446 silly audit report       title: 'launch-editor: NTLMv2 hash disclosure via UNC path handling on Windows',
446 silly audit report       severity: 'moderate',
446 silly audit report       vulnerable_versions: '<=6.4.2',
446 silly audit report       cwe: [Array],
446 silly audit report       cvss: [Object]
446 silly audit report     },
446 silly audit report     {
446 silly audit report       id: 1116229,
446 silly audit report       url: 'https://github.com/advisories/GHSA-4w7w-66w2-5vf9',
446 silly audit report       title: 'Vite Vulnerable to Path Traversal in Optimized Deps `.map` Handling',
446 silly audit report       severity: 'moderate',
446 silly audit report       vulnerable_versions: '<=6.4.1',
446 silly audit report       cwe: [Array],
446 silly audit report       cvss: [Object]
446 silly audit report     },
446 silly audit report     {
446 silly audit report       id: 1123525,
446 silly audit report       url: 'https://github.com/advisories/GHSA-fx2h-pf6j-xcff',
446 silly audit report       title: 'vite: `server.fs.deny` bypass on Windows alternate paths',
446 silly audit report       severity: 'high',
446 silly audit report       vulnerable_versions: '<=6.4.2',
446 silly audit report       cwe: [Array],
446 silly audit report       cvss: [Object]
446 silly audit report     }
446 silly audit report   ]
446 silly audit report }
447 silly packumentCache corgi:https://registry.npmjs.org/esbuild cache-miss
448 silly packumentCache corgi:https://registry.npmjs.org/nodemailer cache-miss
449 silly packumentCache corgi:https://registry.npmjs.org/react-router cache-miss
450 silly packumentCache corgi:https://registry.npmjs.org/react-router-dom cache-miss
451 silly packumentCache corgi:https://registry.npmjs.org/vite cache-miss
452 http fetch GET 200 https://registry.npmjs.org/esbuild 37ms (cache revalidated)
453 silly packumentCache corgi:https://registry.npmjs.org/esbuild set size:887361 disposed:false
454 http fetch GET 200 https://registry.npmjs.org/react-router-dom 90ms (cache revalidated)
455 silly packumentCache corgi:https://registry.npmjs.org/react-router-dom set size:1062690 disposed:false
456 http fetch GET 200 https://registry.npmjs.org/react-router 97ms (cache revalidated)
457 silly packumentCache corgi:https://registry.npmjs.org/react-router set size:1349140 disposed:false
458 http fetch GET 200 https://registry.npmjs.org/nodemailer 105ms (cache revalidated)
459 silly packumentCache corgi:https://registry.npmjs.org/nodemailer set size:320913 disposed:false
460 http fetch GET 200 https://registry.npmjs.org/vite 108ms (cache revalidated)
461 silly packumentCache corgi:https://registry.npmjs.org/vite set size:2295063 disposed:false
462 silly packumentCache corgi:https://registry.npmjs.org/@vitejs%2fplugin-react cache-miss
463 http fetch GET 200 https://registry.npmjs.org/@vitejs%2fplugin-react 40ms (cache revalidated)
464 silly packumentCache corgi:https://registry.npmjs.org/@vitejs%2fplugin-react set size:117751 disposed:false
465 warn deprecated recharts@2.15.4: 1.x and 2.x branches are no longer active. Bump to Recharts v3 to receive latest features and bugfixes. See https://github.com/recharts/recharts/wiki/3.0-migration-guide
466 info run esbuild@0.21.5 postinstall node_modules/esbuild node install.js
467 info run esbuild@0.21.5 postinstall { code: 0, signal: null }
468 silly ADD node_modules/yargs-parser
469 silly ADD node_modules/yargs
470 silly ADD node_modules/yallist
471 silly ADD node_modules/y18n
472 silly ADD node_modules/wrap-ansi
473 silly ADD node_modules/vite
474 silly ADD node_modules/victory-vendor
475 silly ADD node_modules/victory-vendor/node_modules/d3-array
476 silly ADD node_modules/vary
477 silly ADD node_modules/utils-merge
478 silly ADD node_modules/util-deprecate
479 silly ADD node_modules/update-browserslist-db
480 silly ADD node_modules/unpipe
481 silly ADD node_modules/type-is
482 silly ADD node_modules/tslib
483 silly ADD node_modules/ts-interface-checker
484 silly ADD node_modules/tree-kill
485 silly ADD node_modules/topojson-server
486 silly ADD node_modules/topojson-server/node_modules/commander
487 silly ADD node_modules/topojson-client
488 silly ADD node_modules/topojson-client/node_modules/commander
489 silly ADD node_modules/toidentifier
490 silly ADD node_modules/to-regex-range
491 silly ADD node_modules/tinyqueue
492 silly ADD node_modules/tinyglobby
493 silly ADD node_modules/tinyglobby/node_modules/picomatch
494 silly ADD node_modules/tinyglobby/node_modules/fdir
495 silly ADD node_modules/tiny-invariant
496 silly ADD node_modules/thenify-all
497 silly ADD node_modules/thenify
498 silly ADD node_modules/tailwindcss
499 silly ADD node_modules/tailwind-merge
500 silly ADD node_modules/supports-preserve-symlinks-flag
501 silly ADD node_modules/supports-color
502 silly ADD node_modules/sucrase
503 silly ADD node_modules/strip-ansi
504 silly ADD node_modules/string-width
505 silly ADD node_modules/statuses
506 silly ADD node_modules/splaytree-ts
507 silly ADD node_modules/spawn-command
508 silly ADD node_modules/source-map-js
509 silly ADD node_modules/skmeans
510 silly ADD node_modules/side-channel-weakmap
511 silly ADD node_modules/side-channel-map
512 silly ADD node_modules/side-channel-list
513 silly ADD node_modules/side-channel
514 silly ADD node_modules/shell-quote
515 silly ADD node_modules/setprototypeof
516 silly ADD node_modules/serve-static
517 silly ADD node_modules/send
518 silly ADD node_modules/send/node_modules/debug
519 silly ADD node_modules/send/node_modules/debug/node_modules/ms
520 silly ADD node_modules/semver
521 silly ADD node_modules/scheduler
522 silly ADD node_modules/safer-buffer
523 silly ADD node_modules/safe-buffer
524 silly ADD node_modules/rxjs
525 silly ADD node_modules/run-parallel
526 silly ADD node_modules/rollup
527 silly ADD node_modules/robust-predicates
528 silly ADD node_modules/reusify
529 silly ADD node_modules/resolve
530 silly ADD node_modules/require-directory
531 silly ADD node_modules/recharts-scale
532 silly ADD node_modules/recharts
533 silly ADD node_modules/readdirp
534 silly ADD node_modules/read-cache
535 silly ADD node_modules/react-transition-group
536 silly ADD node_modules/react-smooth
537 silly ADD node_modules/react-router-dom
538 silly ADD node_modules/react-router
539 silly ADD node_modules/react-refresh
540 silly ADD node_modules/react-leaflet
541 silly ADD node_modules/react-is
542 silly ADD node_modules/react-dom
543 silly ADD node_modules/react
544 silly ADD node_modules/rbush
545 silly ADD node_modules/raw-body
546 silly ADD node_modules/range-parser
547 silly ADD node_modules/quickselect
548 silly ADD node_modules/queue-microtask
549 silly ADD node_modules/qs
550 silly ADD node_modules/proxy-addr
551 silly ADD node_modules/prop-types
552 silly ADD node_modules/prop-types/node_modules/react-is
553 silly ADD node_modules/postcss-value-parser
554 silly ADD node_modules/postcss-selector-parser
555 silly ADD node_modules/postcss-nested
556 silly ADD node_modules/postcss-load-config
557 silly ADD node_modules/postcss-js
558 silly ADD node_modules/postcss-import
559 silly ADD node_modules/postcss
560 silly ADD node_modules/polyclip-ts
561 silly ADD node_modules/point-in-polygon-hao
562 silly ADD node_modules/point-in-polygon-hao/node_modules/robust-predicates
563 silly ADD node_modules/point-in-polygon
564 silly ADD node_modules/pirates
565 silly ADD node_modules/pify
566 silly ADD node_modules/picomatch
567 silly ADD node_modules/picocolors
568 silly ADD node_modules/path-to-regexp
569 silly ADD node_modules/path-parse
570 silly ADD node_modules/parseurl
571 silly ADD node_modules/osrm-text-instructions
572 silly ADD node_modules/on-finished
573 silly ADD node_modules/object-inspect
574 silly ADD node_modules/object-hash
575 silly ADD node_modules/object-assign
576 silly ADD node_modules/normalize-path
577 silly ADD node_modules/nodemailer
578 silly ADD node_modules/node-releases
579 silly ADD node_modules/negotiator
580 silly ADD node_modules/nanoid
581 silly ADD node_modules/mz
582 silly ADD node_modules/ms
583 silly ADD node_modules/mime-types
584 silly ADD node_modules/mime-db
585 silly ADD node_modules/mime
586 silly ADD node_modules/micromatch
587 silly ADD node_modules/methods
588 silly ADD node_modules/merge2
589 silly ADD node_modules/merge-descriptors
590 silly ADD node_modules/media-typer
591 silly ADD node_modules/math-intrinsics
592 silly ADD node_modules/lucide-react
593 silly ADD node_modules/lru-cache
594 silly ADD node_modules/loose-envify
595 silly ADD node_modules/lodash
596 silly ADD node_modules/lines-and-columns
597 silly ADD node_modules/lilconfig
598 silly ADD node_modules/leaflet-routing-machine
599 silly ADD node_modules/leaflet
600 silly ADD node_modules/jsts
601 silly ADD node_modules/json5
602 silly ADD node_modules/jsesc
603 silly ADD node_modules/js-tokens
604 silly ADD node_modules/jiti
605 silly ADD node_modules/is-number
606 silly ADD node_modules/is-glob
607 silly ADD node_modules/is-fullwidth-code-point
608 silly ADD node_modules/is-extglob
609 silly ADD node_modules/is-core-module
610 silly ADD node_modules/is-binary-path
611 silly ADD node_modules/ipaddr.js
612 silly ADD node_modules/internmap
613 silly ADD node_modules/inherits
614 silly ADD node_modules/iconv-lite
615 silly ADD node_modules/http-errors
616 silly ADD node_modules/hasown
617 silly ADD node_modules/has-symbols
618 silly ADD node_modules/has-flag
619 silly ADD node_modules/gopd
620 silly ADD node_modules/glob-parent
621 silly ADD node_modules/get-proto
622 silly ADD node_modules/get-intrinsic
623 silly ADD node_modules/get-caller-file
624 silly ADD node_modules/geojson-polygon-self-intersections
625 silly ADD node_modules/geojson-polygon-self-intersections/node_modules/rbush
626 silly ADD node_modules/geojson-polygon-self-intersections/node_modules/quickselect
627 silly ADD node_modules/geojson-equality-ts
628 silly ADD node_modules/gensync
629 silly ADD node_modules/function-bind
630 silly ADD node_modules/fsevents
631 silly ADD node_modules/fresh
632 silly ADD node_modules/fraction.js
633 silly ADD node_modules/forwarded
634 silly ADD node_modules/finalhandler
635 silly ADD node_modules/finalhandler/node_modules/ms
636 silly ADD node_modules/finalhandler/node_modules/debug
637 silly ADD node_modules/fill-range
638 silly ADD node_modules/fastq
639 silly ADD node_modules/fast-glob
640 silly ADD node_modules/fast-glob/node_modules/glob-parent
641 silly ADD node_modules/fast-equals
642 silly ADD node_modules/fast-deep-equal
643 silly ADD node_modules/express
644 silly ADD node_modules/express/node_modules/ms
645 silly ADD node_modules/express/node_modules/debug
646 silly ADD node_modules/eventemitter3
647 silly ADD node_modules/etag
648 silly ADD node_modules/escape-html
649 silly ADD node_modules/escalade
650 silly ADD node_modules/esbuild
651 silly ADD node_modules/es-object-atoms
652 silly ADD node_modules/es-errors
653 silly ADD node_modules/es-define-property
654 silly ADD node_modules/encodeurl
655 silly ADD node_modules/emoji-regex
656 silly ADD node_modules/electron-to-chromium
657 silly ADD node_modules/ee-first
658 silly ADD node_modules/earcut
659 silly ADD node_modules/dunder-proto
660 silly ADD node_modules/dotenv
661 silly ADD node_modules/dom-helpers
662 silly ADD node_modules/dlv
663 silly ADD node_modules/didyoumean
664 silly ADD node_modules/destroy
665 silly ADD node_modules/depd
666 silly ADD node_modules/decimal.js-light
667 silly ADD node_modules/debug
668 silly ADD node_modules/date-fns
669 silly ADD node_modules/d3-voronoi
670 silly ADD node_modules/d3-timer
671 silly ADD node_modules/d3-time-format
672 silly ADD node_modules/d3-time
673 silly ADD node_modules/d3-shape
674 silly ADD node_modules/d3-scale
675 silly ADD node_modules/d3-path
676 silly ADD node_modules/d3-interpolate
677 silly ADD node_modules/d3-geo
678 silly ADD node_modules/d3-format
679 silly ADD node_modules/d3-ease
680 silly ADD node_modules/d3-color
681 silly ADD node_modules/d3-array
682 silly ADD node_modules/csstype
683 silly ADD node_modules/cssesc
684 silly ADD node_modules/cors
685 silly ADD node_modules/cookie-signature
686 silly ADD node_modules/cookie
687 silly ADD node_modules/convert-source-map
688 silly ADD node_modules/content-type
689 silly ADD node_modules/content-disposition
690 silly ADD node_modules/concurrently
691 silly ADD node_modules/concaveman
692 silly ADD node_modules/commander
693 silly ADD node_modules/color-name
694 silly ADD node_modules/color-convert
695 silly ADD node_modules/clsx
696 silly ADD node_modules/cliui
697 silly ADD node_modules/chokidar
698 silly ADD node_modules/chokidar/node_modules/glob-parent
699 silly ADD node_modules/chalk
700 silly ADD node_modules/chalk/node_modules/supports-color
701 silly ADD node_modules/caniuse-lite
702 silly ADD node_modules/camelcase-css
703 silly ADD node_modules/call-bound
704 silly ADD node_modules/call-bind-apply-helpers
705 silly ADD node_modules/bytes
706 silly ADD node_modules/browserslist
707 silly ADD node_modules/braces
708 silly ADD node_modules/body-parser
709 silly ADD node_modules/body-parser/node_modules/ms
710 silly ADD node_modules/body-parser/node_modules/debug
711 silly ADD node_modules/binary-extensions
712 silly ADD node_modules/bignumber.js
713 silly ADD node_modules/baseline-browser-mapping
714 silly ADD node_modules/autoprefixer
715 silly ADD node_modules/array-flatten
716 silly ADD node_modules/arg
717 silly ADD node_modules/arc
718 silly ADD node_modules/anymatch
719 silly ADD node_modules/any-promise
720 silly ADD node_modules/ansi-styles
721 silly ADD node_modules/ansi-regex
722 silly ADD node_modules/accepts
723 silly ADD node_modules/@vitejs/plugin-react
724 silly ADD node_modules/@types/react-dom
725 silly ADD node_modules/@types/react
726 silly ADD node_modules/@types/prop-types
727 silly ADD node_modules/@types/kdbush
728 silly ADD node_modules/@types/geojson
729 silly ADD node_modules/@types/estree
730 silly ADD node_modules/@types/earcut
731 silly ADD node_modules/@types/d3-voronoi
732 silly ADD node_modules/@types/d3-timer
733 silly ADD node_modules/@types/d3-time
734 silly ADD node_modules/@types/d3-shape
735 silly ADD node_modules/@types/d3-scale
736 silly ADD node_modules/@types/d3-path
737 silly ADD node_modules/@types/d3-interpolate
738 silly ADD node_modules/@types/d3-ease
739 silly ADD node_modules/@types/d3-color
740 silly ADD node_modules/@types/d3-array
741 silly ADD node_modules/@types/babel__traverse
742 silly ADD node_modules/@types/babel__template
743 silly ADD node_modules/@types/babel__generator
744 silly ADD node_modules/@types/babel__core
745 silly ADD node_modules/@turf/voronoi
746 silly ADD node_modules/@turf/unkink-polygon
747 silly ADD node_modules/@turf/union
748 silly ADD node_modules/@turf/turf
749 silly ADD node_modules/@turf/truncate
750 silly ADD node_modules/@turf/triangle-grid
751 silly ADD node_modules/@turf/transform-translate
752 silly ADD node_modules/@turf/transform-scale
753 silly ADD node_modules/@turf/transform-rotate
754 silly ADD node_modules/@turf/tin
755 silly ADD node_modules/@turf/tesselate
756 silly ADD node_modules/@turf/tag
757 silly ADD node_modules/@turf/standard-deviational-ellipse
758 silly ADD node_modules/@turf/square-grid
759 silly ADD node_modules/@turf/square
760 silly ADD node_modules/@turf/simplify
761 silly ADD node_modules/@turf/shortest-path
762 silly ADD node_modules/@turf/sector
763 silly ADD node_modules/@turf/sample
764 silly ADD node_modules/@turf/rhumb-distance
765 silly ADD node_modules/@turf/rhumb-destination
766 silly ADD node_modules/@turf/rhumb-bearing
767 silly ADD node_modules/@turf/rewind
768 silly ADD node_modules/@turf/rectangle-grid
769 silly ADD node_modules/@turf/random
770 silly ADD node_modules/@turf/quadrat-analysis
771 silly ADD node_modules/@turf/projection
772 silly ADD node_modules/@turf/polygonize
773 silly ADD node_modules/@turf/polygon-to-line
774 silly ADD node_modules/@turf/polygon-tangents
775 silly ADD node_modules/@turf/polygon-smooth
776 silly ADD node_modules/@turf/points-within-polygon
777 silly ADD node_modules/@turf/point-to-polygon-distance
778 silly ADD node_modules/@turf/point-to-line-distance
779 silly ADD node_modules/@turf/point-on-feature
780 silly ADD node_modules/@turf/point-grid
781 silly ADD node_modules/@turf/planepoint
782 silly ADD node_modules/@turf/nearest-point-to-line
783 silly ADD node_modules/@turf/nearest-point-on-line
784 silly ADD node_modules/@turf/nearest-point
785 silly ADD node_modules/@turf/nearest-neighbor-analysis
786 silly ADD node_modules/@turf/moran-index
787 silly ADD node_modules/@turf/midpoint
788 silly ADD node_modules/@turf/meta
789 silly ADD node_modules/@turf/mask
790 silly ADD node_modules/@turf/line-to-polygon
791 silly ADD node_modules/@turf/line-split
792 silly ADD node_modules/@turf/line-slice-along
793 silly ADD node_modules/@turf/line-slice
794 silly ADD node_modules/@turf/line-segment
795 silly ADD node_modules/@turf/line-overlap
796 silly ADD node_modules/@turf/line-offset
797 silly ADD node_modules/@turf/line-intersect
798 silly ADD node_modules/@turf/line-chunk
799 silly ADD node_modules/@turf/line-arc
800 silly ADD node_modules/@turf/length
801 silly ADD node_modules/@turf/kinks
802 silly ADD node_modules/@turf/jsts
803 silly ADD node_modules/@turf/isolines
804 silly ADD node_modules/@turf/isobands
805 silly ADD node_modules/@turf/invariant
806 silly ADD node_modules/@turf/intersect
807 silly ADD node_modules/@turf/interpolate
808 silly ADD node_modules/@turf/hex-grid
809 silly ADD node_modules/@turf/helpers
810 silly ADD node_modules/@turf/great-circle
811 silly ADD node_modules/@turf/geojson-rbush
812 silly ADD node_modules/@turf/flip
813 silly ADD node_modules/@turf/flatten
814 silly ADD node_modules/@turf/explode
815 silly ADD node_modules/@turf/envelope
816 silly ADD node_modules/@turf/ellipse
817 silly ADD node_modules/@turf/distance-weight
818 silly ADD node_modules/@turf/distance
819 silly ADD node_modules/@turf/dissolve
820 silly ADD node_modules/@turf/directional-mean
821 silly ADD node_modules/@turf/difference
822 silly ADD node_modules/@turf/destination
823 silly ADD node_modules/@turf/convex
824 silly ADD node_modules/@turf/concave
825 silly ADD node_modules/@turf/combine
826 silly ADD node_modules/@turf/collect
827 silly ADD node_modules/@turf/clusters-kmeans
828 silly ADD node_modules/@turf/clusters-dbscan
829 silly ADD node_modules/@turf/clusters
830 silly ADD node_modules/@turf/clone
831 silly ADD node_modules/@turf/clean-coords
832 silly ADD node_modules/@turf/circle
833 silly ADD node_modules/@turf/centroid
834 silly ADD node_modules/@turf/center-of-mass
835 silly ADD node_modules/@turf/center-median
836 silly ADD node_modules/@turf/center-mean
837 silly ADD node_modules/@turf/center
838 silly ADD node_modules/@turf/buffer
839 silly ADD node_modules/@turf/boolean-within
840 silly ADD node_modules/@turf/boolean-valid
841 silly ADD node_modules/@turf/boolean-touches
842 silly ADD node_modules/@turf/boolean-point-on-line
843 silly ADD node_modules/@turf/boolean-point-in-polygon
844 silly ADD node_modules/@turf/boolean-parallel
845 silly ADD node_modules/@turf/boolean-overlap
846 silly ADD node_modules/@turf/boolean-intersects
847 silly ADD node_modules/@turf/boolean-equal
848 silly ADD node_modules/@turf/boolean-disjoint
849 silly ADD node_modules/@turf/boolean-crosses
850 silly ADD node_modules/@turf/boolean-contains
851 silly ADD node_modules/@turf/boolean-concave
852 silly ADD node_modules/@turf/boolean-clockwise
853 silly ADD node_modules/@turf/bezier-spline
854 silly ADD node_modules/@turf/bearing
855 silly ADD node_modules/@turf/bbox-polygon
856 silly ADD node_modules/@turf/bbox-clip
857 silly ADD node_modules/@turf/bbox
858 silly ADD node_modules/@turf/area
859 silly ADD node_modules/@turf/angle
860 silly ADD node_modules/@turf/along
861 silly ADD node_modules/@rollup/rollup-darwin-arm64
862 silly ADD node_modules/@rolldown/pluginutils
863 silly ADD node_modules/@remix-run/router
864 silly ADD node_modules/@react-leaflet/core
865 silly ADD node_modules/@nodelib/fs.walk
866 silly ADD node_modules/@nodelib/fs.stat
867 silly ADD node_modules/@nodelib/fs.scandir
868 silly ADD node_modules/@mapbox/polyline
869 silly ADD node_modules/@mapbox/corslite
870 silly ADD node_modules/@jridgewell/trace-mapping
871 silly ADD node_modules/@jridgewell/sourcemap-codec
872 silly ADD node_modules/@jridgewell/resolve-uri
873 silly ADD node_modules/@jridgewell/remapping
874 silly ADD node_modules/@jridgewell/gen-mapping
875 silly ADD node_modules/@esbuild/darwin-arm64
876 silly ADD node_modules/@babel/types
877 silly ADD node_modules/@babel/traverse
878 silly ADD node_modules/@babel/template
879 silly ADD node_modules/@babel/runtime
880 silly ADD node_modules/@babel/plugin-transform-react-jsx-source
881 silly ADD node_modules/@babel/plugin-transform-react-jsx-self
882 silly ADD node_modules/@babel/parser
883 silly ADD node_modules/@babel/helpers
884 silly ADD node_modules/@babel/helper-validator-option
885 silly ADD node_modules/@babel/helper-validator-identifier
886 silly ADD node_modules/@babel/helper-string-parser
887 silly ADD node_modules/@babel/helper-plugin-utils
888 silly ADD node_modules/@babel/helper-module-transforms
889 silly ADD node_modules/@babel/helper-module-imports
890 silly ADD node_modules/@babel/helper-globals
891 silly ADD node_modules/@babel/helper-compilation-targets
892 silly ADD node_modules/@babel/generator
893 silly ADD node_modules/@babel/core
894 silly ADD node_modules/@babel/compat-data
895 silly ADD node_modules/@babel/code-frame
896 silly ADD node_modules/@alloc/quick-lru
897 verbose cwd /Users/adityasingh/CodeRush2.0_Team-Apex
898 verbose os Darwin 25.5.0
899 verbose node v24.14.1
900 verbose npm  v11.11.0
901 verbose exit 0
902 info ok
